Archive member included because of file (symbol)

/OPT/altera/12.1/nios2eds/bin/gnu/H-i686-pc-linux-gnu/bin/../lib/gcc/nios2-elf/4.1.2/../../../../nios2-elf/lib/libc.a(lib_a-malloc.o)
                              obj/default/vga.o (free)
/OPT/altera/12.1/nios2eds/bin/gnu/H-i686-pc-linux-gnu/bin/../lib/gcc/nios2-elf/4.1.2/../../../../nios2-elf/lib/libc.a(lib_a-mallocr.o)
                              /OPT/altera/12.1/nios2eds/bin/gnu/H-i686-pc-linux-gnu/bin/../lib/gcc/nios2-elf/4.1.2/../../../../nios2-elf/lib/libc.a(lib_a-malloc.o) (_malloc_r)
/OPT/altera/12.1/nios2eds/bin/gnu/H-i686-pc-linux-gnu/bin/../lib/gcc/nios2-elf/4.1.2/../../../../nios2-elf/lib/libc.a(lib_a-printf.o)
                              obj/default/vga.o (printf)
/OPT/altera/12.1/nios2eds/bin/gnu/H-i686-pc-linux-gnu/bin/../lib/gcc/nios2-elf/4.1.2/../../../../nios2-elf/lib/libc.a(lib_a-puts.o)
                              obj/default/vga.o (puts)
/OPT/altera/12.1/nios2eds/bin/gnu/H-i686-pc-linux-gnu/bin/../lib/gcc/nios2-elf/4.1.2/../../../../nios2-elf/lib/libc.a(lib_a-sbrkr.o)
                              /OPT/altera/12.1/nios2eds/bin/gnu/H-i686-pc-linux-gnu/bin/../lib/gcc/nios2-elf/4.1.2/../../../../nios2-elf/lib/libc.a(lib_a-mallocr.o) (_sbrk_r)
/OPT/altera/12.1/nios2eds/bin/gnu/H-i686-pc-linux-gnu/bin/../lib/gcc/nios2-elf/4.1.2/../../../../nios2-elf/lib/libc.a(lib_a-strlen.o)
                              /OPT/altera/12.1/nios2eds/bin/gnu/H-i686-pc-linux-gnu/bin/../lib/gcc/nios2-elf/4.1.2/../../../../nios2-elf/lib/libc.a(lib_a-puts.o) (strlen)
/OPT/altera/12.1/nios2eds/bin/gnu/H-i686-pc-linux-gnu/bin/../lib/gcc/nios2-elf/4.1.2/../../../../nios2-elf/lib/libc.a(lib_a-vfprintf.o)
                              /OPT/altera/12.1/nios2eds/bin/gnu/H-i686-pc-linux-gnu/bin/../lib/gcc/nios2-elf/4.1.2/../../../../nios2-elf/lib/libc.a(lib_a-printf.o) (___vfprintf_internal_r)
/OPT/altera/12.1/nios2eds/bin/gnu/H-i686-pc-linux-gnu/bin/../lib/gcc/nios2-elf/4.1.2/../../../../nios2-elf/lib/libc.a(lib_a-wsetup.o)
                              /OPT/altera/12.1/nios2eds/bin/gnu/H-i686-pc-linux-gnu/bin/../lib/gcc/nios2-elf/4.1.2/../../../../nios2-elf/lib/libc.a(lib_a-vfprintf.o) (__swsetup_r)
/OPT/altera/12.1/nios2eds/bin/gnu/H-i686-pc-linux-gnu/bin/../lib/gcc/nios2-elf/4.1.2/../../../../nios2-elf/lib/libc.a(lib_a-dtoa.o)
                              /OPT/altera/12.1/nios2eds/bin/gnu/H-i686-pc-linux-gnu/bin/../lib/gcc/nios2-elf/4.1.2/../../../../nios2-elf/lib/libc.a(lib_a-vfprintf.o) (_dtoa_r)
/OPT/altera/12.1/nios2eds/bin/gnu/H-i686-pc-linux-gnu/bin/../lib/gcc/nios2-elf/4.1.2/../../../../nios2-elf/lib/libc.a(lib_a-fflush.o)
                              /OPT/altera/12.1/nios2eds/bin/gnu/H-i686-pc-linux-gnu/bin/../lib/gcc/nios2-elf/4.1.2/../../../../nios2-elf/lib/libc.a(lib_a-vfprintf.o) (_fflush_r)
/OPT/altera/12.1/nios2eds/bin/gnu/H-i686-pc-linux-gnu/bin/../lib/gcc/nios2-elf/4.1.2/../../../../nios2-elf/lib/libc.a(lib_a-findfp.o)
                              /OPT/altera/12.1/nios2eds/bin/gnu/H-i686-pc-linux-gnu/bin/../lib/gcc/nios2-elf/4.1.2/../../../../nios2-elf/lib/libc.a(lib_a-vfprintf.o) (__sinit)
/OPT/altera/12.1/nios2eds/bin/gnu/H-i686-pc-linux-gnu/bin/../lib/gcc/nios2-elf/4.1.2/../../../../nios2-elf/lib/libc.a(lib_a-freer.o)
                              /OPT/altera/12.1/nios2eds/bin/gnu/H-i686-pc-linux-gnu/bin/../lib/gcc/nios2-elf/4.1.2/../../../../nios2-elf/lib/libc.a(lib_a-malloc.o) (_free_r)
/OPT/altera/12.1/nios2eds/bin/gnu/H-i686-pc-linux-gnu/bin/../lib/gcc/nios2-elf/4.1.2/../../../../nios2-elf/lib/libc.a(lib_a-fvwrite.o)
                              /OPT/altera/12.1/nios2eds/bin/gnu/H-i686-pc-linux-gnu/bin/../lib/gcc/nios2-elf/4.1.2/../../../../nios2-elf/lib/libc.a(lib_a-puts.o) (__sfvwrite_r)
/OPT/altera/12.1/nios2eds/bin/gnu/H-i686-pc-linux-gnu/bin/../lib/gcc/nios2-elf/4.1.2/../../../../nios2-elf/lib/libc.a(lib_a-fwalk.o)
                              /OPT/altera/12.1/nios2eds/bin/gnu/H-i686-pc-linux-gnu/bin/../lib/gcc/nios2-elf/4.1.2/../../../../nios2-elf/lib/libc.a(lib_a-fflush.o) (_fwalk_reent)
/OPT/altera/12.1/nios2eds/bin/gnu/H-i686-pc-linux-gnu/bin/../lib/gcc/nios2-elf/4.1.2/../../../../nios2-elf/lib/libc.a(lib_a-impure.o)
                              /OPT/altera/12.1/nios2eds/bin/gnu/H-i686-pc-linux-gnu/bin/../lib/gcc/nios2-elf/4.1.2/../../../../nios2-elf/lib/libc.a(lib_a-malloc.o) (_impure_ptr)
/OPT/altera/12.1/nios2eds/bin/gnu/H-i686-pc-linux-gnu/bin/../lib/gcc/nios2-elf/4.1.2/../../../../nios2-elf/lib/libc.a(lib_a-int_errno.o)
                              /OPT/altera/12.1/nios2eds/bin/gnu/H-i686-pc-linux-gnu/bin/../lib/gcc/nios2-elf/4.1.2/../../../../nios2-elf/lib/libc.a(lib_a-sbrkr.o) (errno)
/OPT/altera/12.1/nios2eds/bin/gnu/H-i686-pc-linux-gnu/bin/../lib/gcc/nios2-elf/4.1.2/../../../../nios2-elf/lib/libc.a(lib_a-locale.o)
                              /OPT/altera/12.1/nios2eds/bin/gnu/H-i686-pc-linux-gnu/bin/../lib/gcc/nios2-elf/4.1.2/../../../../nios2-elf/lib/libc.a(lib_a-vfprintf.o) (_localeconv_r)
[...]
Memory Configuration

Name             Origin             Length             Attributes
sdram_0          0x00800000         0x00800000
reset            0x01084000         0x00000020
onchip_memory2_0 0x01084020         0x00003fe0
*default*        0x00000000         0xffffffff

Linker script and memory map

LOAD ../demo_bsp//obj/HAL/src/crt0.o
LOAD obj/default/vga.o
LOAD /OPT/altera/12.1/nios2eds/bin/gnu/H-i686-pc-linux-gnu/bin/../lib/gcc/nios2-elf/4.1.2/../../../../nios2-elf/lib/libstdc++.a
LOAD /OPT/altera/12.1/nios2eds/bin/gnu/H-i686-pc-linux-gnu/bin/../lib/gcc/nios2-elf/4.1.2/../../../../nios2-elf/lib/libm.a
LOAD /OPT/altera/12.1/nios2eds/bin/gnu/H-i686-pc-linux-gnu/bin/../lib/gcc/nios2-elf/4.1.2/libgcc.a
START GROUP
LOAD /OPT/altera/12.1/nios2eds/bin/gnu/H-i686-pc-linux-gnu/bin/../lib/gcc/nios2-elf/4.1.2/../../../../nios2-elf/lib/libc.a
LOAD /OPT/altera/12.1/nios2eds/bin/gnu/H-i686-pc-linux-gnu/bin/../lib/gcc/nios2-elf/4.1.2/libgcc.a
LOAD ../demo_bsp//libucosii_bsp.a
END GROUP
LOAD /OPT/altera/12.1/nios2eds/bin/gnu/H-i686-pc-linux-gnu/bin/../lib/gcc/nios2-elf/4.1.2/libgcc.a
                0x00800000                __alt_mem_sdram_0 = 0x800000
                0x01084000                __alt_mem_onchip_memory2_0 = 0x1084000

.entry          0x01084000       0x20
 *(.entry)
 .entry         0x01084000       0x20 ../demo_bsp//obj/HAL/src/crt0.o
                0x01084000                __reset

.exceptions     0x01084020      0x19c load address 0x00800000
                0x01084020                PROVIDE (__ram_exceptions_start, ABSOLUTE (.))
                0x01084020                . = ALIGN (0x20)
 *(.irq)
 *(.exceptions.entry.label)
 .exceptions.entry.label
                0x01084020        0x0 ../demo_bsp//libucosii_bsp.a(alt_irq_entry.o)
                0x01084020                alt_irq_entry
 .exceptions.entry.label
                0x01084020        0x0 ../demo_bsp//libucosii_bsp.a(alt_exception_entry.o)
                0x01084020                alt_exception
 *(.exceptions.entry.user)
 *(.exceptions.entry)
 .exceptions.entry
                0x01084020       0x54 ../demo_bsp//libucosii_bsp.a(alt_exception_entry.o)
 *(.exceptions.irqtest.user)
 *(.exceptions.irqtest)
 .exceptions.irqtest
                0x01084074       0x10 ../demo_bsp//libucosii_bsp.a(alt_irq_entry.o)
 *(.exceptions.irqhandler.user)
 *(.exceptions.irqhandler)
 .exceptions.irqhandler
                0x01084084        0x4 ../demo_bsp//libucosii_bsp.a(alt_irq_entry.o)
 *(.exceptions.irqreturn.user)
 *(.exceptions.irqreturn)
 .exceptions.irqreturn
                0x01084088        0x4 ../demo_bsp//libucosii_bsp.a(alt_irq_entry.o)
 *(.exceptions.notirq.label)
 .exceptions.notirq.label
                0x0108408c        0x0 ../demo_bsp//libucosii_bsp.a(alt_irq_entry.o)
 *(.exceptions.notirq.user)
 *(.exceptions.notirq)
 .exceptions.notirq
                0x0108408c        0x8 ../demo_bsp//libucosii_bsp.a(alt_exception_entry.o)
 *(.exceptions.soft.user)
 *(.exceptions.soft)
 *(.exceptions.unknown.user)
 *(.exceptions.unknown)
 .exceptions.unknown
                0x01084094        0x4 ../demo_bsp//libucosii_bsp.a(alt_exception_entry.o)
 *(.exceptions.exit.label)
 .exceptions.exit.label
                0x01084098        0x0 ../demo_bsp//libucosii_bsp.a(alt_irq_entry.o)
 .exceptions.exit.label
                0x01084098        0x0 ../demo_bsp//libucosii_bsp.a(alt_exception_entry.o)
 *(.exceptions.exit.user)
 *(.exceptions.exit)
 .exceptions.exit
                0x01084098       0x54 ../demo_bsp//libucosii_bsp.a(alt_exception_entry.o)
 *(.exceptions)
 .exceptions    0x010840ec       0xd0 ../demo_bsp//libucosii_bsp.a(alt_irq_handler.o)
                0x010840ec                alt_irq_handler
                0x010841bc                PROVIDE (__ram_exceptions_end, ABSOLUTE (.))
                0x00800000                PROVIDE (__flash_exceptions_start, LOADADDR (.exceptions))

.text           0x0080019c    0x1b48c
                0x0080019c                PROVIDE (stext, ABSOLUTE (.))
 *(.interp)
 *(.hash)
 *(.dynsym)
 *(.dynstr)
 *(.gnu.version)
 *(.gnu.version_d)
 *(.gnu.version_r)
 *(.rel.init)
 *(.rela.init)
 *(.rel.text .rel.text.* .rel.gnu.linkonce.t.*)
 *(.rela.text .rela.text.* .rela.gnu.linkonce.t.*)
 *(.rel.fini)
 *(.rela.fini)
 *(.rel.rodata .rel.rodata.* .rel.gnu.linkonce.r.*)
 *(.rela.rodata .rela.rodata.* .rela.gnu.linkonce.r.*)
 *(.rel.data .rel.data.* .rel.gnu.linkonce.d.*)
 *(.rela.data .rela.data.* .rela.gnu.linkonce.d.*)
 *(.rel.tdata .rel.tdata.* .rel.gnu.linkonce.td.*)
 *(.rela.tdata .rela.tdata.* .rela.gnu.linkonce.td.*)
 *(.rel.tbss .rel.tbss.* .rel.gnu.linkonce.tb.*)
 *(.rela.tbss .rela.tbss.* .rela.gnu.linkonce.tb.*)
 *(.rel.ctors)
 *(.rela.ctors)
 *(.rel.dtors)
 *(.rela.dtors)
 *(.rel.got)
 *(.rela.got)
 *(.rel.sdata .rel.sdata.* .rel.gnu.linkonce.s.*)
 *(.rela.sdata .rela.sdata.* .rela.gnu.linkonce.s.*)
 *(.rel.sbss .rel.sbss.* .rel.gnu.linkonce.sb.*)
 *(.rela.sbss .rela.sbss.* .rela.gnu.linkonce.sb.*)
 *(.rel.sdata2 .rel.sdata2.* .rel.gnu.linkonce.s2.*)
 *(.rela.sdata2 .rela.sdata2.* .rela.gnu.linkonce.s2.*)
 *(.rel.sbss2 .rel.sbss2.* .rel.gnu.linkonce.sb2.*)
 *(.rela.sbss2 .rela.sbss2.* .rela.gnu.linkonce.sb2.*)
 *(.rel.bss .rel.bss.* .rel.gnu.linkonce.b.*)
 *(.rela.bss .rela.bss.* .rela.gnu.linkonce.b.*)
 *(.rel.plt)
 *(.rela.plt)
 *(.rel.dyn)
 *(.init)
 *(.plt)
 *(.text .stub .text.* .gnu.linkonce.t.*)
 .text          0x0080019c       0x4c ../demo_bsp//obj/HAL/src/crt0.o
                0x0080019c                _start
 .text          0x008001e8      0x3b8 obj/default/vga.o
                0x008001e8                load_bmp
                0x0080038c                draw_bitmap
                0x00800434                main
 .text          0x008005a0       0x28 /OPT/altera/12.1/nios2eds/bin/gnu/H-i686-pc-linux-gnu/bin/../lib/gcc/nios2-elf/4.1.2/../../../../nios2-elf/lib/libc.a(lib_a-malloc.o)
                0x008005a0                free
                0x008005b4                malloc
 .text          0x008005c8      0x740 /OPT/altera/12.1/nios2eds/bin/gnu/H-i686-pc-linux-gnu/bin/../lib/gcc/nios2-elf/4.1.2/../../../../nios2-elf/lib/libc.a(lib_a-mallocr.o)
                0x008005c8                _malloc_r
 .text          0x00800d08       0x78 /OPT/altera/12.1/nios2eds/bin/gnu/H-i686-pc-linux-gnu/bin/../lib/gcc/nios2-elf/4.1.2/../../../../nios2-elf/lib/libc.a(lib_a-printf.o)
                0x00800d08                printf
                0x00800d4c                _printf_r
 .text          0x00800d80       0xb4 /OPT/altera/12.1/nios2eds/bin/gnu/H-i686-pc-linux-gnu/bin/../lib/gcc/nios2-elf/4.1.2/../../../../nios2-elf/lib/libc.a(lib_a-puts.o)
                0x00800d80                _puts_r
                0x00800e20                puts
 .text          0x00800e34       0x70 /OPT/altera/12.1/nios2eds/bin/gnu/H-i686-pc-linux-gnu/bin/../lib/gcc/nios2-elf/4.1.2/../../../../nios2-elf/lib/libc.a(lib_a-sbrkr.o)
                0x00800e34                _sbrk_r
 .text          0x00800ea4       0x74 /OPT/altera/12.1/nios2eds/bin/gnu/H-i686-pc-linux-gnu/bin/../lib/gcc/nios2-elf/4.1.2/../../../../nios2-elf/lib/libc.a(lib_a-strlen.o)
                0x00800ea4                strlen
 .text          0x00800f18     0x1f28 /OPT/altera/12.1/nios2eds/bin/gnu/H-i686-pc-linux-gnu/bin/../lib/gcc/nios2-elf/4.1.2/../../../../nios2-elf/lib/libc.a(lib_a-vfprintf.o)
                0x00800f70                ___vfprintf_internal_r
                0x00802e1c                __vfprintf_internal
 .text          0x00802e40      0x13c /OPT/altera/12.1/nios2eds/bin/gnu/H-i686-pc-linux-gnu/bin/../lib/gcc/nios2-elf/4.1.2/../../../../nios2-elf/lib/libc.a(lib_a-wsetup.o)
                0x00802e40                __swsetup_r
 .text          0x00802f7c     0x17cc /OPT/altera/12.1/nios2eds/bin/gnu/H-i686-pc-linux-gnu/bin/../lib/gcc/nios2-elf/4.1.2/../../../../nios2-elf/lib/libc.a(lib_a-dtoa.o)
                0x00803194                _dtoa_r
 .text          0x00804748      0x230 /OPT/altera/12.1/nios2eds/bin/gnu/H-i686-pc-linux-gnu/bin/../lib/gcc/nios2-elf/4.1.2/../../../../nios2-elf/lib/libc.a(lib_a-fflush.o)
                0x00804748                _fflush_r
                0x00804944                fflush
 .text          0x00804978      0x2c0 /OPT/altera/12.1/nios2eds/bin/gnu/H-i686-pc-linux-gnu/bin/../lib/gcc/nios2-elf/4.1.2/../../../../nios2-elf/lib/libc.a(lib_a-findfp.o)
                0x008049d0                __sfp_lock_acquire
                0x008049d4                __sfp_lock_release
                0x008049d8                __sinit_lock_acquire
                0x008049dc                __sinit_lock_release
                0x008049e0                __sinit
                0x00804a94                __fp_unlock_all
                0x00804aac                __fp_lock_all
                0x00804ac4                _cleanup_r
                0x00804ad0                _cleanup
                0x00804ae0                __sfmoreglue
                0x00804b48                __sfp
 .text          0x00804c38      0x440 /OPT/altera/12.1/nios2eds/bin/gnu/H-i686-pc-linux-gnu/bin/../lib/gcc/nios2-elf/4.1.2/../../../../nios2-elf/lib/libc.a(lib_a-freer.o)
                0x00804c38                _malloc_trim_r
                0x00804d64                _free_r
 .text          0x00805078      0x49c /OPT/altera/12.1/nios2eds/bin/gnu/H-i686-pc-linux-gnu/bin/../lib/gcc/nios2-elf/4.1.2/../../../../nios2-elf/lib/libc.a(lib_a-fvwrite.o)
                0x00805078                __sfvwrite_r
 .text          0x00805514      0x180 /OPT/altera/12.1/nios2eds/bin/gnu/H-i686-pc-linux-gnu/bin/../lib/gcc/nios2-elf/4.1.2/../../../../nios2-elf/lib/libc.a(lib_a-fwalk.o)
                0x00805514                _fwalk_reent
                0x008055dc                _fwalk
 .text          0x00805694        0x0 /OPT/altera/12.1/nios2eds/bin/gnu/H-i686-pc-linux-gnu/bin/../lib/gcc/nios2-elf/4.1.2/../../../../nios2-elf/lib/libc.a(lib_a-impure.o)
 .text          0x00805694        0x0 /OPT/altera/12.1/nios2eds/bin/gnu/H-i686-pc-linux-gnu/bin/../lib/gcc/nios2-elf/4.1.2/../../../../nios2-elf/lib/libc.a(lib_a-int_errno.o)
 .text          0x00805694       0xc4 /OPT/altera/12.1/nios2eds/bin/gnu/H-i686-pc-linux-gnu/bin/../lib/gcc/nios2-elf/4.1.2/../../../../nios2-elf/lib/libc.a(lib_a-locale.o)
                0x00805694                __locale_charset
                0x0080569c                _localeconv_r
                0x008056a8                localeconv
                0x008056b8                _setlocale_r
                0x0080573c                setlocale
 .text          0x00805758      0x194 /OPT/altera/12.1/nios2eds/bin/gnu/H-i686-pc-linux-gnu/bin/../lib/gcc/nios2-elf/4.1.2/../../../../nios2-elf/lib/libc.a(lib_a-makebuf.o)
                0x00805758                __smakebuf_r
 .text          0x008058ec       0xe4 /OPT/altera/12.1/nios2eds/bin/gnu/H-i686-pc-linux-gnu/bin/../lib/gcc/nios2-elf/4.1.2/../../../../nios2-elf/lib/libc.a(lib_a-memchr.o)
                0x008058ec                memchr
 .text          0x008059d0       0xa0 /OPT/altera/12.1/nios2eds/bin/gnu/H-i686-pc-linux-gnu/bin/../lib/gcc/nios2-elf/4.1.2/../../../../nios2-elf/lib/libc.a(lib_a-memcpy.o)
                0x008059d0                memcpy
 .text          0x00805a70       0xe0 /OPT/altera/12.1/nios2eds/bin/gnu/H-i686-pc-linux-gnu/bin/../lib/gcc/nios2-elf/4.1.2/../../../../nios2-elf/lib/libc.a(lib_a-memmove.o)
                0x00805a70                memmove
 .text          0x00805b50       0x98 /OPT/altera/12.1/nios2eds/bin/gnu/H-i686-pc-linux-gnu/bin/../lib/gcc/nios2-elf/4.1.2/../../../../nios2-elf/lib/libc.a(lib_a-memset.o)
                0x00805b50                memset
 .text          0x00805be8      0xff4 /OPT/altera/12.1/nios2eds/bin/gnu/H-i686-pc-linux-gnu/bin/../lib/gcc/nios2-elf/4.1.2/../../../../nios2-elf/lib/libc.a(lib_a-mprec.o)
                0x00805be8                _Bfree
                0x00805c10                __hi0bits
                0x00805c80                __lo0bits
                0x00805d44                __mcmp
                0x00805da4                __ulp
                0x00805e24                __b2d
                0x00805f44                __ratio
                0x00805ff4                _mprec_log10
                0x00806088                __copybits
                0x008060e0                __any_on
                0x00806168                _Balloc
                0x00806224                __d2b
                0x008063a0                __mdiff
                0x0080652c                __lshift
                0x00806678                __multiply
                0x00806860                __i2b
                0x0080689c                __multadd
                0x0080699c                __pow5mult
                0x00806abc                __s2b
 .text          0x00806bdc      0x5f4 /OPT/altera/12.1/nios2eds/bin/gnu/H-i686-pc-linux-gnu/bin/../lib/gcc/nios2-elf/4.1.2/../../../../nios2-elf/lib/libc.a(lib_a-reallocr.o)
                0x00806bdc                _realloc_r
 .text          0x008071d0       0x40 /OPT/altera/12.1/nios2eds/bin/gnu/H-i686-pc-linux-gnu/bin/../lib/gcc/nios2-elf/4.1.2/../../../../nios2-elf/lib/libc.a(lib_a-s_isinfd.o)
                0x008071d0                __isinfd
 .text          0x00807210       0x30 /OPT/altera/12.1/nios2eds/bin/gnu/H-i686-pc-linux-gnu/bin/../lib/gcc/nios2-elf/4.1.2/../../../../nios2-elf/lib/libc.a(lib_a-s_isnand.o)
                0x00807210                __isnand
 .text          0x00807240      0x14c /OPT/altera/12.1/nios2eds/bin/gnu/H-i686-pc-linux-gnu/bin/../lib/gcc/nios2-elf/4.1.2/../../../../nios2-elf/lib/libc.a(lib_a-stdio.o)
                0x00807240                __sclose
                0x00807248                __sseek
                0x008072b0                __swrite
                0x0080732c                __sread
 .text          0x0080738c       0xbc /OPT/altera/12.1/nios2eds/bin/gnu/H-i686-pc-linux-gnu/bin/../lib/gcc/nios2-elf/4.1.2/../../../../nios2-elf/lib/libc.a(lib_a-strcmp.o)
                0x0080738c                strcmp
 .text          0x00807448       0x78 /OPT/altera/12.1/nios2eds/bin/gnu/H-i686-pc-linux-gnu/bin/../lib/gcc/nios2-elf/4.1.2/../../../../nios2-elf/lib/libc.a(lib_a-writer.o)
                0x00807448                _write_r
 .text          0x008074c0       0xb4 /OPT/altera/12.1/nios2eds/bin/gnu/H-i686-pc-linux-gnu/bin/../lib/gcc/nios2-elf/4.1.2/../../../../nios2-elf/lib/libc.a(lib_a-callocr.o)
                0x008074c0                _calloc_r
 .text          0x00807574       0x70 /OPT/altera/12.1/nios2eds/bin/gnu/H-i686-pc-linux-gnu/bin/../lib/gcc/nios2-elf/4.1.2/../../../../nios2-elf/lib/libc.a(lib_a-closer.o)
                0x00807574                _close_r
 .text          0x008075e4      0x124 /OPT/altera/12.1/nios2eds/bin/gnu/H-i686-pc-linux-gnu/bin/../lib/gcc/nios2-elf/4.1.2/../../../../nios2-elf/lib/libc.a(lib_a-fclose.o)
                0x008075e4                _fclose_r
                0x008076f4                fclose
 .text          0x00807708       0x74 /OPT/altera/12.1/nios2eds/bin/gnu/H-i686-pc-linux-gnu/bin/../lib/gcc/nios2-elf/4.1.2/../../../../nios2-elf/lib/libc.a(lib_a-fstatr.o)
                0x00807708                _fstat_r
 .text          0x0080777c       0x70 /OPT/altera/12.1/nios2eds/bin/gnu/H-i686-pc-linux-gnu/bin/../lib/gcc/nios2-elf/4.1.2/../../../../nios2-elf/lib/libc.a(lib_a-isattyr.o)
                0x0080777c                _isatty_r
 .text          0x008077ec       0x78 /OPT/altera/12.1/nios2eds/bin/gnu/H-i686-pc-linux-gnu/bin/../lib/gcc/nios2-elf/4.1.2/../../../../nios2-elf/lib/libc.a(lib_a-lseekr.o)
                0x008077ec                _lseek_r
 .text          0x00807864       0x78 /OPT/altera/12.1/nios2eds/bin/gnu/H-i686-pc-linux-gnu/bin/../lib/gcc/nios2-elf/4.1.2/../../../../nios2-elf/lib/libc.a(lib_a-readr.o)
                0x00807864                _read_r
 .text          0x008078dc      0x5dc /OPT/altera/12.1/nios2eds/bin/gnu/H-i686-pc-linux-gnu/bin/../lib/gcc/nios2-elf/4.1.2/libgcc.a(_udivdi3.o)
                0x008078dc                __udivdi3
 .text          0x00807eb8      0x5b0 /OPT/altera/12.1/nios2eds/bin/gnu/H-i686-pc-linux-gnu/bin/../lib/gcc/nios2-elf/4.1.2/libgcc.a(_umoddi3.o)
                0x00807eb8                __umoddi3
 .text          0x00808468      0x504 /OPT/altera/12.1/nios2eds/bin/gnu/H-i686-pc-linux-gnu/bin/../lib/gcc/nios2-elf/4.1.2/libgcc.a(_addsub_df.o)
                0x00808878                __subdf3
                0x008088f8                __adddf3
 .text          0x0080896c      0x3c4 /OPT/altera/12.1/nios2eds/bin/gnu/H-i686-pc-linux-gnu/bin/../lib/gcc/nios2-elf/4.1.2/libgcc.a(_mul_df.o)
                0x0080896c                __muldf3
 .text          0x00808d30      0x258 /OPT/altera/12.1/nios2eds/bin/gnu/H-i686-pc-linux-gnu/bin/../lib/gcc/nios2-elf/4.1.2/libgcc.a(_div_df.o)
                0x00808d30                __divdf3
 .text          0x00808f88       0x88 /OPT/altera/12.1/nios2eds/bin/gnu/H-i686-pc-linux-gnu/bin/../lib/gcc/nios2-elf/4.1.2/libgcc.a(_eq_df.o)
                0x00808f88                __eqdf2
 .text          0x00809010       0x88 /OPT/altera/12.1/nios2eds/bin/gnu/H-i686-pc-linux-gnu/bin/../lib/gcc/nios2-elf/4.1.2/libgcc.a(_ne_df.o)
                0x00809010                __nedf2
 .text          0x00809098       0x88 /OPT/altera/12.1/nios2eds/bin/gnu/H-i686-pc-linux-gnu/bin/../lib/gcc/nios2-elf/4.1.2/libgcc.a(_gt_df.o)
                0x00809098                __gtdf2
 .text          0x00809120       0x88 /OPT/altera/12.1/nios2eds/bin/gnu/H-i686-pc-linux-gnu/bin/../lib/gcc/nios2-elf/4.1.2/libgcc.a(_ge_df.o)
                0x00809120                __gedf2
 .text          0x008091a8       0x88 /OPT/altera/12.1/nios2eds/bin/gnu/H-i686-pc-linux-gnu/bin/../lib/gcc/nios2-elf/4.1.2/libgcc.a(_lt_df.o)
                0x008091a8                __ltdf2
 .text          0x00809230       0xf8 /OPT/altera/12.1/nios2eds/bin/gnu/H-i686-pc-linux-gnu/bin/../lib/gcc/nios2-elf/4.1.2/libgcc.a(_si_to_df.o)
                0x00809230                __floatsidf
 .text          0x00809328       0xd8 /OPT/altera/12.1/nios2eds/bin/gnu/H-i686-pc-linux-gnu/bin/../lib/gcc/nios2-elf/4.1.2/libgcc.a(_df_to_si.o)
                0x00809328                __fixdfsi
 .text          0x00809400        0x0 /OPT/altera/12.1/nios2eds/bin/gnu/H-i686-pc-linux-gnu/bin/../lib/gcc/nios2-elf/4.1.2/libgcc.a(_thenan_df.o)
 .text          0x00809400      0x194 /OPT/altera/12.1/nios2eds/bin/gnu/H-i686-pc-linux-gnu/bin/../lib/gcc/nios2-elf/4.1.2/libgcc.a(_usi_to_df.o)
                0x00809400                __floatunsidf
 .text          0x00809594      0x14c /OPT/altera/12.1/nios2eds/bin/gnu/H-i686-pc-linux-gnu/bin/../lib/gcc/nios2-elf/4.1.2/libgcc.a(lib2-divmod.o)
                0x00809610                __divsi3
                0x00809670                __modsi3
                0x008096d0                __udivsi3
                0x008096d8                __umodsi3
 .text          0x008096e0       0x98 /OPT/altera/12.1/nios2eds/bin/gnu/H-i686-pc-linux-gnu/bin/../lib/gcc/nios2-elf/4.1.2/libgcc.a(_muldi3.o)
                0x008096e0                __muldi3
 .text          0x00809778        0x0 /OPT/altera/12.1/nios2eds/bin/gnu/H-i686-pc-linux-gnu/bin/../lib/gcc/nios2-elf/4.1.2/libgcc.a(_clz.o)
 .text          0x00809778       0x80 /OPT/altera/12.1/nios2eds/bin/gnu/H-i686-pc-linux-gnu/bin/../lib/gcc/nios2-elf/4.1.2/libgcc.a(_clzsi2.o)
                0x00809778                __clzsi2
 .text          0x008097f8      0x314 /OPT/altera/12.1/nios2eds/bin/gnu/H-i686-pc-linux-gnu/bin/../lib/gcc/nios2-elf/4.1.2/libgcc.a(_pack_df.o)
                0x008097f8                __pack_d
 .text          0x00809b0c      0x138 /OPT/altera/12.1/nios2eds/bin/gnu/H-i686-pc-linux-gnu/bin/../lib/gcc/nios2-elf/4.1.2/libgcc.a(_unpack_df.o)
                0x00809b0c                __unpack_d
 .text          0x00809c44       0xc8 /OPT/altera/12.1/nios2eds/bin/gnu/H-i686-pc-linux-gnu/bin/../lib/gcc/nios2-elf/4.1.2/libgcc.a(_fpcmp_parts_df.o)
                0x00809c44                __fpcmp_parts_d
 .text          0x00809d0c      0x15c ../demo_bsp//libucosii_bsp.a(alt_close.o)
                0x00809d0c                close
 .text          0x00809e68       0x2c ../demo_bsp//libucosii_bsp.a(alt_dev.o)
 .text          0x00809e94        0x0 ../demo_bsp//libucosii_bsp.a(alt_errno.o)
 .text          0x00809e94      0x134 ../demo_bsp//libucosii_bsp.a(alt_fstat.o)
                0x00809e94                fstat
 .text          0x00809fc8      0x120 ../demo_bsp//libucosii_bsp.a(alt_isatty.o)
                0x00809fc8                isatty
 .text          0x0080a0e8       0xec ../demo_bsp//libucosii_bsp.a(alt_load.o)
                0x0080a0e8                alt_load
 .text          0x0080a1d4      0x150 ../demo_bsp//libucosii_bsp.a(alt_lseek.o)
                0x0080a1d4                lseek
 .text          0x0080a324       0xc8 ../demo_bsp//libucosii_bsp.a(alt_main.o)
                0x0080a324                alt_main
 .text          0x0080a3ec      0x180 ../demo_bsp//libucosii_bsp.a(alt_read.o)
                0x0080a3ec                read
 .text          0x0080a56c       0x60 ../demo_bsp//libucosii_bsp.a(alt_release_fd.o)
                0x0080a56c                alt_release_fd
 .text          0x0080a5cc       0xbc ../demo_bsp//libucosii_bsp.a(alt_sbrk.o)
                0x0080a5cc                sbrk
 .text          0x0080a688      0x180 ../demo_bsp//libucosii_bsp.a(alt_write.o)
                0x0080a688                write
 .text          0x0080a808      0x108 ../demo_bsp//libucosii_bsp.a(alt_env_lock.o)
                0x0080a808                __env_lock
                0x0080a8b4                __env_unlock
 .text          0x0080a910      0x1d8 ../demo_bsp//libucosii_bsp.a(alt_malloc_lock.o)
                0x0080a910                __malloc_lock
                0x0080aa18                __malloc_unlock
 .text          0x0080aae8     0x2128 ../demo_bsp//libucosii_bsp.a(os_core.o)
                0x0080aae8                OSEventNameGet
                0x0080ac18                OSEventNameSet
                0x0080ad5c                OSEventPendMulti
                0x0080b410                OSInit
                0x0080b464                OSIntEnter
                0x0080b4e0                OSIntExit
                0x0080b5e0                OSSchedLock
                0x0080b66c                OSSchedUnlock
                0x0080b750                OSStart
                0x0080b7c0                OSStatInit
                0x0080b86c                OSTimeTick
                0x0080baac                OSVersion
                0x0080bacc                OS_Dummy
                0x0080bae8                OS_EventTaskRdy
                0x0080bc7c                OS_EventTaskWait
                0x0080bd8c                OS_EventTaskWaitMulti
                0x0080bee0                OS_EventTaskRemove
                0x0080bf98                OS_EventTaskRemoveMulti
                0x0080c09c                OS_EventWaitListInit
                0x0080c468                OS_MemClr
                0x0080c4bc                OS_MemCopy
                0x0080c528                OS_Sched
                0x0080c66c                OS_StrCopy
                0x0080c6ec                OS_StrLen
                0x0080c744                OS_TaskIdle
                0x0080c7a0                OS_TaskStat
                0x0080c868                OS_TaskStatStkChk
                0x0080c930                OS_TCBInit
 .text          0x0080cc10      0x18c ../demo_bsp//libucosii_bsp.a(os_dbg.o)
                0x0080cc10                OSDebugInit
 .text          0x0080cd9c     0x193c ../demo_bsp//libucosii_bsp.a(os_flag.o)
                0x0080cd9c                OSFlagAccept
                0x0080d0d0                OSFlagCreate
                0x0080d20c                OSFlagDel
                0x0080d4b4                OSFlagNameGet
                0x0080d5f8                OSFlagNameSet
                0x0080d74c                OSFlagPend
                0x0080dd90                OSFlagPendGetFlagsRdy
                0x0080ddf8                OSFlagPost
                0x0080e1a0                OSFlagQuery
                0x0080e438                OS_FlagInit
                0x0080e62c                OS_FlagUnlink
 .text          0x0080e6d8      0x808 ../demo_bsp//libucosii_bsp.a(os_mem.o)
                0x0080e6d8                OSMemCreate
                0x0080e8f4                OSMemGet
                0x0080e9f8                OSMemNameGet
                0x0080eb04                OSMemNameSet
                0x0080ec24                OSMemPut
                0x0080ed14                OSMemQuery
                0x0080ee10                OS_MemInit
 .text          0x0080eee0     0x1334 ../demo_bsp//libucosii_bsp.a(os_q.o)
                0x0080eee0                OSQAccept
                0x0080f034                OSQCreate
                0x0080f248                OSQDel
                0x0080f548                OSQFlush
                0x0080f610                OSQPend
                0x0080f930                OSQPendAbort
                0x0080faac                OSQPost
                0x0080fc2c                OSQPostFront
                0x0080fdb4                OSQPostOpt
                0x0080ffe8                OSQQuery
                0x00810168                OS_QInit
 .text          0x00810214      0xbc8 ../demo_bsp//libucosii_bsp.a(os_sem.o)
                0x00810214                OSSemAccept
                0x008102d4                OSSemCreate
                0x008103e8                OSSemDel
                0x00810688                OSSemPend
                0x00810904                OSSemPendAbort
                0x00810a80                OSSemPost
                0x00810ba8                OSSemQuery
                0x00810cd8                OSSemSet
 .text          0x00810ddc     0x1a40 ../demo_bsp//libucosii_bsp.a(os_task.o)
                0x00810ddc                OSTaskChangePrio
                0x00811350                OSTaskCreate
                0x00811524                OSTaskCreateExt
                0x00811724                OSTaskDel
                0x00811b30                OSTaskDelReq
                0x00811ca0                OSTaskNameGet
                0x00811e58                OSTaskNameSet
                0x0081201c                OSTaskResume
                0x00812234                OSTaskStkChk
                0x00812430                OSTaskSuspend
                0x0081265c                OSTaskQuery
                0x008127a0                OS_TaskStkClr
 .text          0x0081281c      0x598 ../demo_bsp//libucosii_bsp.a(os_time.o)
                0x0081281c                OSTimeDly
                0x00812968                OSTimeDlyHMSM
                0x00812adc                OSTimeDlyResume
                0x00812cec                OSTimeGet
                0x00812d50                OSTimeSet
 .text          0x00812db4      0x2e4 ../demo_bsp//libucosii_bsp.a(alt_sys_init.o)
                0x00812db4                alt_irq_init
                0x00812de8                alt_sys_init
 .text          0x00813098      0x148 ../demo_bsp//libucosii_bsp.a(altera_avalon_jtag_uart_fd.o)
                0x00813098                altera_avalon_jtag_uart_read_fd
                0x008130f0                altera_avalon_jtag_uart_write_fd
                0x00813148                altera_avalon_jtag_uart_close_fd
                0x00813190                altera_avalon_jtag_uart_ioctl_fd
 .text          0x008131e0      0x584 ../demo_bsp//libucosii_bsp.a(altera_avalon_jtag_uart_init.o)
                0x008131e0                altera_avalon_jtag_uart_init
                0x008136f0                altera_avalon_jtag_uart_close
 .text          0x00813764       0xf4 ../demo_bsp//libucosii_bsp.a(altera_avalon_jtag_uart_ioctl.o)
                0x00813764                altera_avalon_jtag_uart_ioctl
 .text          0x00813858      0x2c0 ../demo_bsp//libucosii_bsp.a(altera_avalon_jtag_uart_read.o)
                0x00813858                altera_avalon_jtag_uart_read
 .text          0x00813b18      0x2dc ../demo_bsp//libucosii_bsp.a(altera_avalon_jtag_uart_write.o)
                0x00813b18                altera_avalon_jtag_uart_write
 .text          0x00813df4      0x100 ../demo_bsp//libucosii_bsp.a(altera_avalon_timer_sc.o)
                0x00813e64                alt_avalon_timer_sc_init
 .text          0x00813ef4      0x530 ../demo_bsp//libucosii_bsp.a(altera_up_avalon_character_lcd.o)
                0x00813ef4                get_DDRAM_addr
                0x00813f70                alt_up_character_lcd_send_cmd
                0x00813fa4                alt_up_character_lcd_init
                0x00813fd8                alt_up_character_lcd_open_dev
                0x00814018                alt_up_character_lcd_write
                0x00814090                alt_up_character_lcd_string
                0x00814108                alt_up_character_lcd_write_fd
                0x00814154                alt_up_character_lcd_set_cursor_pos
                0x008141cc                alt_up_character_lcd_shift_cursor
                0x0081427c                alt_up_character_lcd_shift_display
                0x0081432c                alt_up_character_lcd_erase_pos
                0x008143bc                alt_up_character_lcd_cursor_off
                0x008143f0                alt_up_character_lcd_cursor_blink_on
 .text          0x00814424     0x156c ../demo_bsp//libucosii_bsp.a(altera_up_avalon_video_pixel_buffer_dma.o)
                0x00814424                alt_up_pixel_buffer_dma_open_dev
                0x00814464                alt_up_pixel_buffer_dma_draw
                0x00814604                alt_up_pixel_buffer_dma_change_back_buffer_address
                0x0081465c                alt_up_pixel_buffer_dma_swap_buffers
                0x008146b4                alt_up_pixel_buffer_dma_check_swap_buffers_status
                0x008146e8                alt_up_pixel_buffer_dma_clear_screen
                0x0081484c                alt_up_pixel_buffer_dma_draw_box
                0x00814d40                alt_up_pixel_buffer_dma_draw_hline
                0x00815090                alt_up_pixel_buffer_dma_draw_vline
                0x00815460                alt_up_pixel_buffer_dma_draw_rectangle
                0x00815524                helper_plot_pixel
                0x008155f4                alt_up_pixel_buffer_dma_draw_line
 .text          0x00815990     0x4428 ../demo_bsp//libucosii_bsp.a(altera_up_sd_card_avalon_interface.o)
                0x00815990                Write_Sector_Data
                0x00815a58                Save_Modified_Sector
                0x00815aa8                Read_Sector_Data
                0x00815ba4                get_cluster_flag
                0x00815c5c                mark_cluster
                0x00815d40                Check_for_Master_Boot_Record
                0x00815ef0                Read_File_Record_At_Offset
                0x00816174                Write_File_Record_At_Offset
                0x0081642c                Check_for_DOS_FAT
                0x00816a74                Look_for_FAT16
                0x00816b6c                filename_to_upper_case
                0x00816c3c                check_file_name_for_FAT16_compliance
                0x00816ecc                get_dir_divider_location
                0x00816f8c                match_file_record_to_name_ext
                0x00817278                get_home_directory_cluster_for_file
                0x0081778c                find_file_in_directory
                0x00817bf0                find_first_empty_cluster
                0x00817d94                find_first_empty_record_in_a_subdirectory
                0x00817fe0                find_first_empty_record_in_root_directory
                0x0081810c                convert_filename_to_name_extension
                0x008182c4                create_file
                0x00818598                copy_file_record_name_to_string
                0x008186ec                alt_up_sd_card_open_dev
                0x008187b0                alt_up_sd_card_is_Present
                0x00818878                alt_up_sd_card_is_FAT16
                0x008188ec                alt_up_sd_card_find_first
                0x008189c0                alt_up_sd_card_find_next
                0x00818d70                alt_up_sd_card_fopen
                0x00819118                alt_up_sd_card_set_attributes
                0x008191a8                alt_up_sd_card_get_attributes
                0x00819234                alt_up_sd_card_read
                0x008195c8                alt_up_sd_card_write
                0x00819bec                alt_up_sd_card_fclose
 .text          0x00819db8      0x154 ../demo_bsp//libucosii_bsp.a(alt_alarm_start.o)
                0x00819db8                alt_alarm_start
 .text          0x00819f0c       0x44 ../demo_bsp//libucosii_bsp.a(alt_dcache_flush_all.o)
                0x00819f0c                alt_dcache_flush_all
 .text          0x00819f50      0x114 ../demo_bsp//libucosii_bsp.a(alt_dev_llist_insert.o)
                0x00819f50                alt_dev_llist_insert
 .text          0x0081a064       0x64 ../demo_bsp//libucosii_bsp.a(alt_do_ctors.o)
                0x0081a064                _do_ctors
 .text          0x0081a0c8       0x64 ../demo_bsp//libucosii_bsp.a(alt_do_dtors.o)
                0x0081a0c8                _do_dtors
 .text          0x0081a12c       0x94 ../demo_bsp//libucosii_bsp.a(alt_find_dev.o)
                0x0081a12c                alt_find_dev
 .text          0x0081a1c0       0x30 ../demo_bsp//libucosii_bsp.a(alt_icache_flush_all.o)
                0x0081a1c0                alt_icache_flush_all
 .text          0x0081a1f0      0x1d4 ../demo_bsp//libucosii_bsp.a(alt_iic.o)
                0x0081a1f0                alt_ic_isr_register
                0x0081a240                alt_ic_irq_enable
                0x0081a2dc                alt_ic_irq_disable
                0x0081a37c                alt_ic_irq_enabled
 .text          0x0081a3c4       0xf8 ../demo_bsp//libucosii_bsp.a(alt_iic_isr_register.o)
                0x0081a3c4                alt_iic_isr_register
 .text          0x0081a4bc      0x13c ../demo_bsp//libucosii_bsp.a(alt_io_redirect.o)
                0x0081a580                alt_io_redirect
 .text          0x0081a5f8        0x0 ../demo_bsp//libucosii_bsp.a(alt_irq_entry.o)
 .text          0x0081a5f8        0x0 ../demo_bsp//libucosii_bsp.a(alt_irq_handler.o)
 .text          0x0081a5f8        0x0 ../demo_bsp//libucosii_bsp.a(alt_irq_vars.o)
 .text          0x0081a5f8      0x2c4 ../demo_bsp//libucosii_bsp.a(alt_open.o)
                0x0081a6d4                open
 .text          0x0081a8bc      0x1a8 ../demo_bsp//libucosii_bsp.a(alt_tick.o)
                0x0081a8bc                alt_alarm_stop
                0x0081a954                alt_tick
 .text          0x0081aa64       0x20 ../demo_bsp//libucosii_bsp.a(altera_nios2_qsys_irq.o)
                0x0081aa64                altera_nios2_qsys_irq_init
 .text          0x0081aa84       0xd0 ../demo_bsp//libucosii_bsp.a(os_cpu_a.o)
                0x0081aa84                OSCtxSw
                0x0081aa84                OSIntCtxSw
                0x0081ab10                OSStartHighRdy
                0x0081ab30                OSStartTsk
 .text          0x0081ab54      0x418 ../demo_bsp//libucosii_bsp.a(os_cpu_c.o)
                0x0081ab54                OSTaskStkInit
                0x0081ae64                OSTaskCreateHook
                0x0081ae84                OSTaskDelHook
                0x0081aea4                OSTaskSwHook
                0x0081aec0                OSTaskStatHook
                0x0081aedc                OSTimeTickHook
                0x0081aef8                OSInitHookBegin
                0x0081af14                OSInitHookEnd
                0x0081af30                OSTaskIdleHook
                0x0081af4c                OSTCBInitHook
 .text          0x0081af6c        0x0 ../demo_bsp//libucosii_bsp.a(alt_exception_entry.o)
 .text          0x0081af6c      0x120 ../demo_bsp//libucosii_bsp.a(alt_find_file.o)
                0x0081af6c                alt_find_file
 .text          0x0081b08c       0xf4 ../demo_bsp//libucosii_bsp.a(alt_get_fd.o)
                0x0081b08c                alt_get_fd
 .text          0x0081b180       0x90 ../demo_bsp//libucosii_bsp.a(alt_icache_flush.o)
                0x0081b180                alt_icache_flush
 .text          0x0081b210       0x14 /OPT/altera/12.1/nios2eds/bin/gnu/H-i686-pc-linux-gnu/bin/../lib/gcc/nios2-elf/4.1.2/../../../../nios2-elf/lib/libc.a(lib_a-atexit.o)
                0x0081b210                atexit
 .text          0x0081b224       0x38 /OPT/altera/12.1/nios2eds/bin/gnu/H-i686-pc-linux-gnu/bin/../lib/gcc/nios2-elf/4.1.2/../../../../nios2-elf/lib/libc.a(lib_a-exit.o)
                0x0081b224                exit
 .text          0x0081b25c       0x74 /OPT/altera/12.1/nios2eds/bin/gnu/H-i686-pc-linux-gnu/bin/../lib/gcc/nios2-elf/4.1.2/../../../../nios2-elf/lib/libc.a(lib_a-memcmp.o)
                0x0081b25c                memcmp
 .text          0x0081b2d0      0x134 /OPT/altera/12.1/nios2eds/bin/gnu/H-i686-pc-linux-gnu/bin/../lib/gcc/nios2-elf/4.1.2/../../../../nios2-elf/lib/libc.a(lib_a-__atexit.o)
                0x0081b2d0                __register_exitproc
 .text          0x0081b404      0x1b4 /OPT/altera/12.1/nios2eds/bin/gnu/H-i686-pc-linux-gnu/bin/../lib/gcc/nios2-elf/4.1.2/../../../../nios2-elf/lib/libc.a(lib_a-__call_atexit.o)
                0x0081b408                __call_exitprocs
 .text          0x0081b5b8       0x6c ../demo_bsp//libucosii_bsp.a(alt_exit.o)
                0x0081b5f8                _exit
 *(.gnu.warning.*)
 *(.fini)
                0x0081b624                PROVIDE (__etext, ABSOLUTE (.))
                0x0081b624                PROVIDE (_etext, ABSOLUTE (.))
                0x0081b624                PROVIDE (etext, ABSOLUTE (.))
 *(.eh_frame_hdr)
                0x0081b624                . = ALIGN (0x4)
                0x0081b624                PROVIDE (__preinit_array_start, ABSOLUTE (.))
 *(.preinit_array)
                0x0081b624                PROVIDE (__preinit_array_end, ABSOLUTE (.))
                0x0081b624                PROVIDE (__init_array_start, ABSOLUTE (.))
 *(.init_array)
                0x0081b624                PROVIDE (__init_array_end, ABSOLUTE (.))
                0x0081b624                PROVIDE (__fini_array_start, ABSOLUTE (.))
 *(.fini_array)
                0x0081b624                PROVIDE (__fini_array_end, ABSOLUTE (.))
 *(.eh_frame)
 *(.gcc_except_table)
 *(.dynamic)
                0x0081b624                PROVIDE (__CTOR_LIST__, ABSOLUTE (.))
 *(.ctors)
 *(SORT(.ctors.*))
 .ctors.65535   0x0081b624        0x4 /OPT/altera/12.1/nios2eds/bin/gnu/H-i686-pc-linux-gnu/bin/../lib/gcc/nios2-elf/4.1.2/../../../../nios2-elf/lib/libc.a(lib_a-__call_atexit.o)
                0x0081b628                PROVIDE (__CTOR_END__, ABSOLUTE (.))
                0x0081b628                PROVIDE (__DTOR_LIST__, ABSOLUTE (.))
 *(.dtors)
 *(SORT(.dtors.*))
                0x0081b628                PROVIDE (__DTOR_END__, ABSOLUTE (.))
 *(.jcr)
                0x0081b628                . = ALIGN (0x4)

.rodata         0x0081b628      0x5e4
                0x0081b628                PROVIDE (__ram_rodata_start, ABSOLUTE (.))
                0x0081b628                . = ALIGN (0x4)
 *(.rodata .rodata.* .gnu.linkonce.r.*)
 .rodata        0x0081b628      0x118 obj/default/vga.o
 .rodata.str1.4
                0x0081b740        0x2 /OPT/altera/12.1/nios2eds/bin/gnu/H-i686-pc-linux-gnu/bin/../lib/gcc/nios2-elf/4.1.2/../../../../nios2-elf/lib/libc.a(lib_a-puts.o)
                                  0x4 (size before relaxing)
 *fill*         0x0081b742        0x2 00
 .rodata.str1.4
                0x0081b744       0x5e /OPT/altera/12.1/nios2eds/bin/gnu/H-i686-pc-linux-gnu/bin/../lib/gcc/nios2-elf/4.1.2/../../../../nios2-elf/lib/libc.a(lib_a-vfprintf.o)
                                 0x60 (size before relaxing)
 .rodata        0x0081b7a2       0x20 /OPT/altera/12.1/nios2eds/bin/gnu/H-i686-pc-linux-gnu/bin/../lib/gcc/nios2-elf/4.1.2/../../../../nios2-elf/lib/libc.a(lib_a-vfprintf.o)
 *fill*         0x0081b7c2        0x2 00
 .rodata.str1.4
                0x0081b7c4       0x10 /OPT/altera/12.1/nios2eds/bin/gnu/H-i686-pc-linux-gnu/bin/../lib/gcc/nios2-elf/4.1.2/../../../../nios2-elf/lib/libc.a(lib_a-dtoa.o)
                                 0x14 (size before relaxing)
 .rodata.str1.4
                0x0081b7d4        0x2 /OPT/altera/12.1/nios2eds/bin/gnu/H-i686-pc-linux-gnu/bin/../lib/gcc/nios2-elf/4.1.2/../../../../nios2-elf/lib/libc.a(lib_a-impure.o)
                                  0x4 (size before relaxing)
 *fill*         0x0081b7d6        0x2 00
 .rodata.str1.4
                0x0081b7d8       0x10 /OPT/altera/12.1/nios2eds/bin/gnu/H-i686-pc-linux-gnu/bin/../lib/gcc/nios2-elf/4.1.2/../../../../nios2-elf/lib/libc.a(lib_a-locale.o)
                                 0x18 (size before relaxing)
 .rodata        0x0081b7e8       0x30 /OPT/altera/12.1/nios2eds/bin/gnu/H-i686-pc-linux-gnu/bin/../lib/gcc/nios2-elf/4.1.2/../../../../nios2-elf/lib/libc.a(lib_a-locale.o)
 .rodata        0x0081b818      0x124 /OPT/altera/12.1/nios2eds/bin/gnu/H-i686-pc-linux-gnu/bin/../lib/gcc/nios2-elf/4.1.2/../../../../nios2-elf/lib/libc.a(lib_a-mprec.o)
                0x0081b818                __mprec_tens
                0x0081b8e0                __mprec_bigtens
                0x0081b908                __mprec_tinytens
 .rodata        0x0081b93c       0x14 /OPT/altera/12.1/nios2eds/bin/gnu/H-i686-pc-linux-gnu/bin/../lib/gcc/nios2-elf/4.1.2/libgcc.a(_thenan_df.o)
                0x0081b93c                __thenan_df
 .rodata        0x0081b950      0x100 /OPT/altera/12.1/nios2eds/bin/gnu/H-i686-pc-linux-gnu/bin/../lib/gcc/nios2-elf/4.1.2/libgcc.a(_clz.o)
                0x0081b950                __clz_tab
 .rodata        0x0081ba50        0xc ../demo_bsp//libucosii_bsp.a(alt_dev.o)
 .rodata        0x0081ba5c       0x14 ../demo_bsp//libucosii_bsp.a(alt_main.o)
 .rodata        0x0081ba70      0x120 ../demo_bsp//libucosii_bsp.a(os_core.o)
                0x0081ba70                OSUnMapTbl
 .rodata        0x0081bb90       0x78 ../demo_bsp//libucosii_bsp.a(alt_sys_init.o)
 .rodata        0x0081bc08        0x4 ../demo_bsp//libucosii_bsp.a(os_cpu_c.o)
 *(.rodata1)
                0x0081bc0c                . = ALIGN (0x4)
                0x0081bc0c                PROVIDE (__ram_rodata_end, ABSOLUTE (.))
                0x0081b628                PROVIDE (__flash_rodata_start, LOADADDR (.rodata))

.rwdata         0x0081bc0c     0x1b90 load address 0x0081d79c
                0x0081bc0c                PROVIDE (__ram_rwdata_start, ABSOLUTE (.))
                0x0081bc0c                . = ALIGN (0x4)
 *(.got.plt)
 *(.got)
 *(.data1)
 *(.data .data.* .gnu.linkonce.d.*)
 .data          0x0081bc0c        0x0 ../demo_bsp//obj/HAL/src/crt0.o
 .data          0x0081bc0c        0x0 obj/default/vga.o
 .data          0x0081bc0c        0x0 /OPT/altera/12.1/nios2eds/bin/gnu/H-i686-pc-linux-gnu/bin/../lib/gcc/nios2-elf/4.1.2/../../../../nios2-elf/lib/libc.a(lib_a-malloc.o)
 .data          0x0081bc0c      0x408 /OPT/altera/12.1/nios2eds/bin/gnu/H-i686-pc-linux-gnu/bin/../lib/gcc/nios2-elf/4.1.2/../../../../nios2-elf/lib/libc.a(lib_a-mallocr.o)
                0x0081bc0c                __malloc_av_
 .data          0x0081c014        0x0 /OPT/altera/12.1/nios2eds/bin/gnu/H-i686-pc-linux-gnu/bin/../lib/gcc/nios2-elf/4.1.2/../../../../nios2-elf/lib/libc.a(lib_a-printf.o)
 .data          0x0081c014        0x0 /OPT/altera/12.1/nios2eds/bin/gnu/H-i686-pc-linux-gnu/bin/../lib/gcc/nios2-elf/4.1.2/../../../../nios2-elf/lib/libc.a(lib_a-puts.o)
 .data          0x0081c014        0x0 /OPT/altera/12.1/nios2eds/bin/gnu/H-i686-pc-linux-gnu/bin/../lib/gcc/nios2-elf/4.1.2/../../../../nios2-elf/lib/libc.a(lib_a-sbrkr.o)
 .data          0x0081c014        0x0 /OPT/altera/12.1/nios2eds/bin/gnu/H-i686-pc-linux-gnu/bin/../lib/gcc/nios2-elf/4.1.2/../../../../nios2-elf/lib/libc.a(lib_a-strlen.o)
 .data          0x0081c014        0x0 /OPT/altera/12.1/nios2eds/bin/gnu/H-i686-pc-linux-gnu/bin/../lib/gcc/nios2-elf/4.1.2/../../../../nios2-elf/lib/libc.a(lib_a-vfprintf.o)
 .data          0x0081c014        0x0 /OPT/altera/12.1/nios2eds/bin/gnu/H-i686-pc-linux-gnu/bin/../lib/gcc/nios2-elf/4.1.2/../../../../nios2-elf/lib/libc.a(lib_a-wsetup.o)
 .data          0x0081c014        0x0 /OPT/altera/12.1/nios2eds/bin/gnu/H-i686-pc-linux-gnu/bin/../lib/gcc/nios2-elf/4.1.2/../../../../nios2-elf/lib/libc.a(lib_a-dtoa.o)
 .data          0x0081c014        0x0 /OPT/altera/12.1/nios2eds/bin/gnu/H-i686-pc-linux-gnu/bin/../lib/gcc/nios2-elf/4.1.2/../../../../nios2-elf/lib/libc.a(lib_a-fflush.o)
 .data          0x0081c014        0x0 /OPT/altera/12.1/nios2eds/bin/gnu/H-i686-pc-linux-gnu/bin/../lib/gcc/nios2-elf/4.1.2/../../../../nios2-elf/lib/libc.a(lib_a-findfp.o)
 .data          0x0081c014        0x0 /OPT/altera/12.1/nios2eds/bin/gnu/H-i686-pc-linux-gnu/bin/../lib/gcc/nios2-elf/4.1.2/../../../../nios2-elf/lib/libc.a(lib_a-freer.o)
 .data          0x0081c014        0x0 /OPT/altera/12.1/nios2eds/bin/gnu/H-i686-pc-linux-gnu/bin/../lib/gcc/nios2-elf/4.1.2/../../../../nios2-elf/lib/libc.a(lib_a-fvwrite.o)
 .data          0x0081c014        0x0 /OPT/altera/12.1/nios2eds/bin/gnu/H-i686-pc-linux-gnu/bin/../lib/gcc/nios2-elf/4.1.2/../../../../nios2-elf/lib/libc.a(lib_a-fwalk.o)
 .data          0x0081c014      0x400 /OPT/altera/12.1/nios2eds/bin/gnu/H-i686-pc-linux-gnu/bin/../lib/gcc/nios2-elf/4.1.2/../../../../nios2-elf/lib/libc.a(lib_a-impure.o)
 .data          0x0081c414        0x0 /OPT/altera/12.1/nios2eds/bin/gnu/H-i686-pc-linux-gnu/bin/../lib/gcc/nios2-elf/4.1.2/../../../../nios2-elf/lib/libc.a(lib_a-int_errno.o)
 .data          0x0081c414        0xc /OPT/altera/12.1/nios2eds/bin/gnu/H-i686-pc-linux-gnu/bin/../lib/gcc/nios2-elf/4.1.2/../../../../nios2-elf/lib/libc.a(lib_a-locale.o)
                0x0081c414                __lc_ctype
 .data          0x0081c420        0x0 /OPT/altera/12.1/nios2eds/bin/gnu/H-i686-pc-linux-gnu/bin/../lib/gcc/nios2-elf/4.1.2/../../../../nios2-elf/lib/libc.a(lib_a-makebuf.o)
 .data          0x0081c420        0x0 /OPT/altera/12.1/nios2eds/bin/gnu/H-i686-pc-linux-gnu/bin/../lib/gcc/nios2-elf/4.1.2/../../../../nios2-elf/lib/libc.a(lib_a-memchr.o)
 .data          0x0081c420        0x0 /OPT/altera/12.1/nios2eds/bin/gnu/H-i686-pc-linux-gnu/bin/../lib/gcc/nios2-elf/4.1.2/../../../../nios2-elf/lib/libc.a(lib_a-memcpy.o)
 .data          0x0081c420        0x0 /OPT/altera/12.1/nios2eds/bin/gnu/H-i686-pc-linux-gnu/bin/../lib/gcc/nios2-elf/4.1.2/../../../../nios2-elf/lib/libc.a(lib_a-memmove.o)
 .data          0x0081c420        0x0 /OPT/altera/12.1/nios2eds/bin/gnu/H-i686-pc-linux-gnu/bin/../lib/gcc/nios2-elf/4.1.2/../../../../nios2-elf/lib/libc.a(lib_a-memset.o)
 .data          0x0081c420        0x0 /OPT/altera/12.1/nios2eds/bin/gnu/H-i686-pc-linux-gnu/bin/../lib/gcc/nios2-elf/4.1.2/../../../../nios2-elf/lib/libc.a(lib_a-mprec.o)
 .data          0x0081c420        0x0 /OPT/altera/12.1/nios2eds/bin/gnu/H-i686-pc-linux-gnu/bin/../lib/gcc/nios2-elf/4.1.2/../../../../nios2-elf/lib/libc.a(lib_a-reallocr.o)
 .data          0x0081c420        0x0 /OPT/altera/12.1/nios2eds/bin/gnu/H-i686-pc-linux-gnu/bin/../lib/gcc/nios2-elf/4.1.2/../../../../nios2-elf/lib/libc.a(lib_a-s_isinfd.o)
 .data          0x0081c420        0x0 /OPT/altera/12.1/nios2eds/bin/gnu/H-i686-pc-linux-gnu/bin/../lib/gcc/nios2-elf/4.1.2/../../../../nios2-elf/lib/libc.a(lib_a-s_isnand.o)
 .data          0x0081c420        0x0 /OPT/altera/12.1/nios2eds/bin/gnu/H-i686-pc-linux-gnu/bin/../lib/gcc/nios2-elf/4.1.2/../../../../nios2-elf/lib/libc.a(lib_a-stdio.o)
 .data          0x0081c420        0x0 /OPT/altera/12.1/nios2eds/bin/gnu/H-i686-pc-linux-gnu/bin/../lib/gcc/nios2-elf/4.1.2/../../../../nios2-elf/lib/libc.a(lib_a-strcmp.o)
 .data          0x0081c420        0x0 /OPT/altera/12.1/nios2eds/bin/gnu/H-i686-pc-linux-gnu/bin/../lib/gcc/nios2-elf/4.1.2/../../../../nios2-elf/lib/libc.a(lib_a-writer.o)
 .data          0x0081c420        0x0 /OPT/altera/12.1/nios2eds/bin/gnu/H-i686-pc-linux-gnu/bin/../lib/gcc/nios2-elf/4.1.2/../../../../nios2-elf/lib/libc.a(lib_a-callocr.o)
 .data          0x0081c420        0x0 /OPT/altera/12.1/nios2eds/bin/gnu/H-i686-pc-linux-gnu/bin/../lib/gcc/nios2-elf/4.1.2/../../../../nios2-elf/lib/libc.a(lib_a-closer.o)
 .data          0x0081c420        0x0 /OPT/altera/12.1/nios2eds/bin/gnu/H-i686-pc-linux-gnu/bin/../lib/gcc/nios2-elf/4.1.2/../../../../nios2-elf/lib/libc.a(lib_a-fclose.o)
 .data          0x0081c420        0x0 /OPT/altera/12.1/nios2eds/bin/gnu/H-i686-pc-linux-gnu/bin/../lib/gcc/nios2-elf/4.1.2/../../../../nios2-elf/lib/libc.a(lib_a-fstatr.o)
 .data          0x0081c420        0x0 /OPT/altera/12.1/nios2eds/bin/gnu/H-i686-pc-linux-gnu/bin/../lib/gcc/nios2-elf/4.1.2/../../../../nios2-elf/lib/libc.a(lib_a-isattyr.o)
 .data          0x0081c420        0x0 /OPT/altera/12.1/nios2eds/bin/gnu/H-i686-pc-linux-gnu/bin/../lib/gcc/nios2-elf/4.1.2/../../../../nios2-elf/lib/libc.a(lib_a-lseekr.o)
 .data          0x0081c420        0x0 /OPT/altera/12.1/nios2eds/bin/gnu/H-i686-pc-linux-gnu/bin/../lib/gcc/nios2-elf/4.1.2/../../../../nios2-elf/lib/libc.a(lib_a-readr.o)
 .data          0x0081c420        0x0 /OPT/altera/12.1/nios2eds/bin/gnu/H-i686-pc-linux-gnu/bin/../lib/gcc/nios2-elf/4.1.2/libgcc.a(_udivdi3.o)
 .data          0x0081c420        0x0 /OPT/altera/12.1/nios2eds/bin/gnu/H-i686-pc-linux-gnu/bin/../lib/gcc/nios2-elf/4.1.2/libgcc.a(_umoddi3.o)
 .data          0x0081c420        0x0 /OPT/altera/12.1/nios2eds/bin/gnu/H-i686-pc-linux-gnu/bin/../lib/gcc/nios2-elf/4.1.2/libgcc.a(_addsub_df.o)
 .data          0x0081c420        0x0 /OPT/altera/12.1/nios2eds/bin/gnu/H-i686-pc-linux-gnu/bin/../lib/gcc/nios2-elf/4.1.2/libgcc.a(_mul_df.o)
 .data          0x0081c420        0x0 /OPT/altera/12.1/nios2eds/bin/gnu/H-i686-pc-linux-gnu/bin/../lib/gcc/nios2-elf/4.1.2/libgcc.a(_div_df.o)
 .data          0x0081c420        0x0 /OPT/altera/12.1/nios2eds/bin/gnu/H-i686-pc-linux-gnu/bin/../lib/gcc/nios2-elf/4.1.2/libgcc.a(_eq_df.o)
 .data          0x0081c420        0x0 /OPT/altera/12.1/nios2eds/bin/gnu/H-i686-pc-linux-gnu/bin/../lib/gcc/nios2-elf/4.1.2/libgcc.a(_ne_df.o)
 .data          0x0081c420        0x0 /OPT/altera/12.1/nios2eds/bin/gnu/H-i686-pc-linux-gnu/bin/../lib/gcc/nios2-elf/4.1.2/libgcc.a(_gt_df.o)
 .data          0x0081c420        0x0 /OPT/altera/12.1/nios2eds/bin/gnu/H-i686-pc-linux-gnu/bin/../lib/gcc/nios2-elf/4.1.2/libgcc.a(_ge_df.o)
 .data          0x0081c420        0x0 /OPT/altera/12.1/nios2eds/bin/gnu/H-i686-pc-linux-gnu/bin/../lib/gcc/nios2-elf/4.1.2/libgcc.a(_lt_df.o)
 .data          0x0081c420        0x0 /OPT/altera/12.1/nios2eds/bin/gnu/H-i686-pc-linux-gnu/bin/../lib/gcc/nios2-elf/4.1.2/libgcc.a(_si_to_df.o)
 .data          0x0081c420        0x0 /OPT/altera/12.1/nios2eds/bin/gnu/H-i686-pc-linux-gnu/bin/../lib/gcc/nios2-elf/4.1.2/libgcc.a(_df_to_si.o)
 .data          0x0081c420        0x0 /OPT/altera/12.1/nios2eds/bin/gnu/H-i686-pc-linux-gnu/bin/../lib/gcc/nios2-elf/4.1.2/libgcc.a(_thenan_df.o)
 .data          0x0081c420        0x0 /OPT/altera/12.1/nios2eds/bin/gnu/H-i686-pc-linux-gnu/bin/../lib/gcc/nios2-elf/4.1.2/libgcc.a(_usi_to_df.o)
 .data          0x0081c420        0x0 /OPT/altera/12.1/nios2eds/bin/gnu/H-i686-pc-linux-gnu/bin/../lib/gcc/nios2-elf/4.1.2/libgcc.a(lib2-divmod.o)
 .data          0x0081c420        0x0 /OPT/altera/12.1/nios2eds/bin/gnu/H-i686-pc-linux-gnu/bin/../lib/gcc/nios2-elf/4.1.2/libgcc.a(_muldi3.o)
 .data          0x0081c420        0x0 /OPT/altera/12.1/nios2eds/bin/gnu/H-i686-pc-linux-gnu/bin/../lib/gcc/nios2-elf/4.1.2/libgcc.a(_clz.o)
 .data          0x0081c420        0x0 /OPT/altera/12.1/nios2eds/bin/gnu/H-i686-pc-linux-gnu/bin/../lib/gcc/nios2-elf/4.1.2/libgcc.a(_clzsi2.o)
 .data          0x0081c420        0x0 /OPT/altera/12.1/nios2eds/bin/gnu/H-i686-pc-linux-gnu/bin/../lib/gcc/nios2-elf/4.1.2/libgcc.a(_pack_df.o)
 .data          0x0081c420        0x0 /OPT/altera/12.1/nios2eds/bin/gnu/H-i686-pc-linux-gnu/bin/../lib/gcc/nios2-elf/4.1.2/libgcc.a(_unpack_df.o)
 .data          0x0081c420        0x0 /OPT/altera/12.1/nios2eds/bin/gnu/H-i686-pc-linux-gnu/bin/../lib/gcc/nios2-elf/4.1.2/libgcc.a(_fpcmp_parts_df.o)
 .data          0x0081c420        0x0 ../demo_bsp//libucosii_bsp.a(alt_close.o)
 .data          0x0081c420      0x1a8 ../demo_bsp//libucosii_bsp.a(alt_dev.o)
                0x0081c420                alt_dev_null
                0x0081c448                alt_fd_list
 .data          0x0081c5c8        0x0 ../demo_bsp//libucosii_bsp.a(alt_errno.o)
 .data          0x0081c5c8        0x0 ../demo_bsp//libucosii_bsp.a(alt_fstat.o)
 .data          0x0081c5c8        0x0 ../demo_bsp//libucosii_bsp.a(alt_isatty.o)
 .data          0x0081c5c8        0x0 ../demo_bsp//libucosii_bsp.a(alt_load.o)
 .data          0x0081c5c8        0x0 ../demo_bsp//libucosii_bsp.a(alt_lseek.o)
 .data          0x0081c5c8        0x0 ../demo_bsp//libucosii_bsp.a(alt_main.o)
 .data          0x0081c5c8        0x0 ../demo_bsp//libucosii_bsp.a(alt_read.o)
 .data          0x0081c5c8        0x0 ../demo_bsp//libucosii_bsp.a(alt_release_fd.o)
 .data          0x0081c5c8        0x0 ../demo_bsp//libucosii_bsp.a(alt_sbrk.o)
 .data          0x0081c5c8        0x0 ../demo_bsp//libucosii_bsp.a(alt_write.o)
 .data          0x0081c5c8        0x0 ../demo_bsp//libucosii_bsp.a(alt_env_lock.o)
 .data          0x0081c5c8        0x0 ../demo_bsp//libucosii_bsp.a(alt_malloc_lock.o)
 .data          0x0081c5c8        0x0 ../demo_bsp//libucosii_bsp.a(os_core.o)
 .data          0x0081c5c8        0x0 ../demo_bsp//libucosii_bsp.a(os_dbg.o)
 .data          0x0081c5c8        0x0 ../demo_bsp//libucosii_bsp.a(os_flag.o)
 .data          0x0081c5c8        0x0 ../demo_bsp//libucosii_bsp.a(os_mem.o)
 .data          0x0081c5c8        0x0 ../demo_bsp//libucosii_bsp.a(os_q.o)
 .data          0x0081c5c8        0x0 ../demo_bsp//libucosii_bsp.a(os_sem.o)
 .data          0x0081c5c8        0x0 ../demo_bsp//libucosii_bsp.a(os_task.o)
 .data          0x0081c5c8        0x0 ../demo_bsp//libucosii_bsp.a(os_time.o)
 .data          0x0081c5c8     0x1118 ../demo_bsp//libucosii_bsp.a(alt_sys_init.o)
 .data          0x0081d6e0        0x0 ../demo_bsp//libucosii_bsp.a(altera_avalon_jtag_uart_fd.o)
 .data          0x0081d6e0        0x0 ../demo_bsp//libucosii_bsp.a(altera_avalon_jtag_uart_init.o)
 .data          0x0081d6e0        0x0 ../demo_bsp//libucosii_bsp.a(altera_avalon_jtag_uart_ioctl.o)
 .data          0x0081d6e0        0x0 ../demo_bsp//libucosii_bsp.a(altera_avalon_jtag_uart_read.o)
 .data          0x0081d6e0        0x0 ../demo_bsp//libucosii_bsp.a(altera_avalon_jtag_uart_write.o)
 .data          0x0081d6e0        0x0 ../demo_bsp//libucosii_bsp.a(altera_avalon_timer_sc.o)
 .data          0x0081d6e0        0x0 ../demo_bsp//libucosii_bsp.a(altera_up_avalon_character_lcd.o)
 .data          0x0081d6e0        0x0 ../demo_bsp//libucosii_bsp.a(altera_up_avalon_video_pixel_buffer_dma.o)
 .data          0x0081d6e0        0x0 ../demo_bsp//libucosii_bsp.a(altera_up_sd_card_avalon_interface.o)
 .data          0x0081d6e0        0x0 ../demo_bsp//libucosii_bsp.a(alt_alarm_start.o)
 .data          0x0081d6e0        0x0 ../demo_bsp//libucosii_bsp.a(alt_dcache_flush_all.o)
 .data          0x0081d6e0        0x0 ../demo_bsp//libucosii_bsp.a(alt_dev_llist_insert.o)
 .data          0x0081d6e0        0x0 ../demo_bsp//libucosii_bsp.a(alt_do_ctors.o)
 .data          0x0081d6e0        0x0 ../demo_bsp//libucosii_bsp.a(alt_do_dtors.o)
 .data          0x0081d6e0        0x0 ../demo_bsp//libucosii_bsp.a(alt_find_dev.o)
 .data          0x0081d6e0        0x0 ../demo_bsp//libucosii_bsp.a(alt_icache_flush_all.o)
 .data          0x0081d6e0        0x0 ../demo_bsp//libucosii_bsp.a(alt_iic.o)
 .data          0x0081d6e0        0x0 ../demo_bsp//libucosii_bsp.a(alt_iic_isr_register.o)
 .data          0x0081d6e0        0x0 ../demo_bsp//libucosii_bsp.a(alt_io_redirect.o)
 .data          0x0081d6e0        0x0 ../demo_bsp//libucosii_bsp.a(alt_irq_entry.o)
 .data          0x0081d6e0        0x0 ../demo_bsp//libucosii_bsp.a(alt_irq_handler.o)
 .data          0x0081d6e0        0x0 ../demo_bsp//libucosii_bsp.a(alt_irq_vars.o)
 .data          0x0081d6e0        0x0 ../demo_bsp//libucosii_bsp.a(alt_open.o)
 .data          0x0081d6e0        0x0 ../demo_bsp//libucosii_bsp.a(alt_tick.o)
 .data          0x0081d6e0        0x0 ../demo_bsp//libucosii_bsp.a(altera_nios2_qsys_irq.o)
 .data          0x0081d6e0        0x0 ../demo_bsp//libucosii_bsp.a(os_cpu_a.o)
 .data          0x0081d6e0        0x0 ../demo_bsp//libucosii_bsp.a(os_cpu_c.o)
 .data          0x0081d6e0        0x0 ../demo_bsp//libucosii_bsp.a(alt_exception_entry.o)
 .data          0x0081d6e0        0x0 ../demo_bsp//libucosii_bsp.a(alt_find_file.o)
 .data          0x0081d6e0        0x0 ../demo_bsp//libucosii_bsp.a(alt_get_fd.o)
 .data          0x0081d6e0        0x0 ../demo_bsp//libucosii_bsp.a(alt_icache_flush.o)
 .data          0x0081d6e0        0x0 /OPT/altera/12.1/nios2eds/bin/gnu/H-i686-pc-linux-gnu/bin/../lib/gcc/nios2-elf/4.1.2/../../../../nios2-elf/lib/libc.a(lib_a-atexit.o)
 .data          0x0081d6e0        0x0 /OPT/altera/12.1/nios2eds/bin/gnu/H-i686-pc-linux-gnu/bin/../lib/gcc/nios2-elf/4.1.2/../../../../nios2-elf/lib/libc.a(lib_a-exit.o)
 .data          0x0081d6e0        0x0 /OPT/altera/12.1/nios2eds/bin/gnu/H-i686-pc-linux-gnu/bin/../lib/gcc/nios2-elf/4.1.2/../../../../nios2-elf/lib/libc.a(lib_a-memcmp.o)
 .data          0x0081d6e0        0x0 /OPT/altera/12.1/nios2eds/bin/gnu/H-i686-pc-linux-gnu/bin/../lib/gcc/nios2-elf/4.1.2/../../../../nios2-elf/lib/libc.a(lib_a-__atexit.o)
 .data          0x0081d6e0        0x0 /OPT/altera/12.1/nios2eds/bin/gnu/H-i686-pc-linux-gnu/bin/../lib/gcc/nios2-elf/4.1.2/../../../../nios2-elf/lib/libc.a(lib_a-__call_atexit.o)
 .data          0x0081d6e0        0x0 ../demo_bsp//libucosii_bsp.a(alt_exit.o)
                0x008256e0                _gp = ABSOLUTE ((. + 0x8000))
                0x008256e0                PROVIDE (gp, _gp)
 *(.rwdata .rwdata.*)
 *(.sdata .sdata.* .gnu.linkonce.s.*)
 .sdata         0x0081d6e0        0x8 /OPT/altera/12.1/nios2eds/bin/gnu/H-i686-pc-linux-gnu/bin/../lib/gcc/nios2-elf/4.1.2/../../../../nios2-elf/lib/libc.a(lib_a-mallocr.o)
                0x0081d6e0                __malloc_trim_threshold
                0x0081d6e4                __malloc_sbrk_base
 .sdata         0x0081d6e8        0x8 /OPT/altera/12.1/nios2eds/bin/gnu/H-i686-pc-linux-gnu/bin/../lib/gcc/nios2-elf/4.1.2/../../../../nios2-elf/lib/libc.a(lib_a-impure.o)
                0x0081d6e8                _impure_ptr
                0x0081d6ec                _global_impure_ptr
 .sdata         0x0081d6f0        0x8 /OPT/altera/12.1/nios2eds/bin/gnu/H-i686-pc-linux-gnu/bin/../lib/gcc/nios2-elf/4.1.2/../../../../nios2-elf/lib/libc.a(lib_a-locale.o)
                0x0081d6f0                __mb_cur_max
 .sdata         0x0081d6f8       0x14 ../demo_bsp//libucosii_bsp.a(alt_dev.o)
                0x0081d6f8                alt_fs_list
                0x0081d700                alt_dev_list
                0x0081d708                alt_max_fd
 .sdata         0x0081d70c        0x4 ../demo_bsp//libucosii_bsp.a(alt_errno.o)
                0x0081d70c                alt_errno
 .sdata         0x0081d710        0x4 ../demo_bsp//libucosii_bsp.a(alt_sbrk.o)
 .sdata         0x0081d714        0x4 ../demo_bsp//libucosii_bsp.a(alt_env_lock.o)
 .sdata         0x0081d718        0x4 ../demo_bsp//libucosii_bsp.a(alt_malloc_lock.o)
 .sdata         0x0081d71c       0x74 ../demo_bsp//libucosii_bsp.a(os_dbg.o)
                0x0081d71c                OSDebugEn
                0x0081d720                OSEndiannessTest
                0x0081d724                OSEventEn
                0x0081d726                OSEventMax
                0x0081d728                OSEventNameSize
                0x0081d72a                OSEventSize
                0x0081d72c                OSEventTblSize
                0x0081d72e                OSEventMultiEn
                0x0081d730                OSFlagEn
                0x0081d732                OSFlagGrpSize
                0x0081d734                OSFlagNodeSize
                0x0081d736                OSFlagWidth
                0x0081d738                OSFlagMax
                0x0081d73a                OSFlagNameSize
                0x0081d73c                OSLowestPrio
                0x0081d73e                OSMboxEn
                0x0081d740                OSMemEn
                0x0081d742                OSMemMax
                0x0081d744                OSMemNameSize
                0x0081d746                OSMemSize
                0x0081d748                OSMemTblSize
                0x0081d74a                OSMutexEn
                0x0081d74c                OSPtrSize
                0x0081d74e                OSQEn
                0x0081d750                OSQMax
                0x0081d752                OSQSize
                0x0081d754                OSRdyTblSize
                0x0081d756                OSSemEn
                0x0081d758                OSStkWidth
                0x0081d75a                OSTaskCreateEn
                0x0081d75c                OSTaskCreateExtEn
                0x0081d75e                OSTaskDelEn
                0x0081d760                OSTaskIdleStkSize
                0x0081d762                OSTaskProfileEn
                0x0081d764                OSTaskMax
                0x0081d766                OSTaskNameSize
                0x0081d768                OSTaskStatEn
                0x0081d76a                OSTaskStatStkSize
                0x0081d76c                OSTaskStatStkChkEn
                0x0081d76e                OSTaskSwHookEn
                0x0081d770                OSTCBPrioTblMax
                0x0081d772                OSTCBSize
                0x0081d774                OSTicksPerSec
                0x0081d776                OSTimeTickHookEn
                0x0081d778                OSVersionNbr
                0x0081d77a                OSTmrEn
                0x0081d77c                OSTmrCfgMax
                0x0081d77e                OSTmrCfgNameSize
                0x0081d780                OSTmrCfgWheelSize
                0x0081d782                OSTmrCfgTicksPerSec
                0x0081d784                OSTmrSize
                0x0081d786                OSTmrTblSize
                0x0081d788                OSTmrWheelSize
                0x0081d78a                OSTmrWheelTblSize
                0x0081d78c                OSDataSize
 .sdata         0x0081d790        0x4 ../demo_bsp//libucosii_bsp.a(alt_irq_vars.o)
                0x0081d790                alt_priority_mask
 .sdata         0x0081d794        0x8 ../demo_bsp//libucosii_bsp.a(alt_tick.o)
                0x0081d794                alt_alarm_list
 *(.sdata2 .sdata2.* .gnu.linkonce.s2.*)
                0x0081d79c                . = ALIGN (0x4)
                0x0081d79c                _edata = ABSOLUTE (.)
                0x0081d79c                PROVIDE (edata, ABSOLUTE (.))
                0x0081d79c                PROVIDE (__ram_rwdata_end, ABSOLUTE (.))
                0x0081d79c                PROVIDE (__flash_rwdata_start, LOADADDR (.rwdata))

.bss            0x0081f32c     0x7b10
                0x0081f32c                __bss_start = ABSOLUTE (.)
                0x0081f32c                PROVIDE (__sbss_start, ABSOLUTE (.))
                0x0081f32c                PROVIDE (___sbss_start, ABSOLUTE (.))
 *(.dynsbss)
 *(.sbss .sbss.* .gnu.linkonce.sb.*)
 .sbss          0x0081f32c        0xc /OPT/altera/12.1/nios2eds/bin/gnu/H-i686-pc-linux-gnu/bin/../lib/gcc/nios2-elf/4.1.2/../../../../nios2-elf/lib/libc.a(lib_a-mallocr.o)
                0x0081f32c                __malloc_top_pad
                0x0081f330                __malloc_max_sbrked_mem
                0x0081f334                __malloc_max_total_mem
 .sbss          0x0081f338        0x4 /OPT/altera/12.1/nios2eds/bin/gnu/H-i686-pc-linux-gnu/bin/../lib/gcc/nios2-elf/4.1.2/../../../../nios2-elf/lib/libc.a(lib_a-int_errno.o)
                0x0081f338                errno
 .sbss          0x0081f33c        0xc /OPT/altera/12.1/nios2eds/bin/gnu/H-i686-pc-linux-gnu/bin/../lib/gcc/nios2-elf/4.1.2/../../../../nios2-elf/lib/libc.a(lib_a-locale.o)
                0x0081f33c                __nlocale_changed
                0x0081f340                __mlocale_changed
                0x0081f344                _PathLocale
 .sbss          0x0081f348        0x4 ../demo_bsp//libucosii_bsp.a(alt_dev.o)
                0x0081f348                alt_fd_list_lock
 .sbss          0x0081f34c        0xc ../demo_bsp//libucosii_bsp.a(alt_main.o)
                0x0081f34c                alt_argc
                0x0081f350                alt_argv
                0x0081f354                alt_envp
 .sbss          0x0081f358        0x8 ../demo_bsp//libucosii_bsp.a(alt_env_lock.o)
                0x0081f35c                alt_envsem
 .sbss          0x0081f360        0x8 ../demo_bsp//libucosii_bsp.a(alt_malloc_lock.o)
                0x0081f364                alt_heapsem
 .sbss          0x0081f368       0x50 ../demo_bsp//libucosii_bsp.a(os_core.o)
                0x0081f368                OSLockNesting
                0x0081f369                OSRunning
                0x0081f36c                OSIdleCtr
                0x0081f370                OSPrioHighRdy
                0x0081f371                OSPrioCur
                0x0081f374                OSTCBList
                0x0081f378                OSTickStepState
                0x0081f37c                OSCtxSwCtr
                0x0081f380                OSIdleCtrMax
                0x0081f384                OSTCBFreeList
                0x0081f388                OSCPUUsage
                0x0081f389                OSTaskCtr
                0x0081f38c                OSMemFreeList
                0x0081f390                OSTCBHighRdy
                0x0081f394                OSQFreeList
                0x0081f398                OSRdyGrp
                0x0081f399                OSRdyTbl
                0x0081f39c                OSEventFreeList
                0x0081f3a0                OSIntNesting
                0x0081f3a4                OSTCBCur
                0x0081f3a8                OSTime
                0x0081f3ac                OSFlagFreeList
                0x0081f3b0                OSStatRdy
                0x0081f3b4                OSIdleCtrRun
 .sbss          0x0081f3b8       0x34 ../demo_bsp//libucosii_bsp.a(altera_up_sd_card_avalon_interface.o)
                0x0081f3b8                initialized
                0x0081f3bc                is_sd_card_formated_as_FAT16
                0x0081f3c0                aux_status_register
                0x0081f3c4                status_register
                0x0081f3c8                CSD_register_w0
                0x0081f3cc                command_register
                0x0081f3d0                command_argument_register
                0x0081f3d4                buffer_memory
                0x0081f3d8                fat_partition_offset_in_512_byte_sectors
                0x0081f3dc                fat_partition_size_in_512_byte_sectors
                0x0081f3e0                device_pointer
                0x0081f3e4                current_sector_modified
                0x0081f3e8                current_sector_index
 .sbss          0x0081f3ec        0x4 ../demo_bsp//libucosii_bsp.a(alt_irq_vars.o)
                0x0081f3ec                alt_irq_active
 .sbss          0x0081f3f0        0x8 ../demo_bsp//libucosii_bsp.a(alt_tick.o)
                0x0081f3f0                _alt_tick_rate
                0x0081f3f4                _alt_nticks
 *(.sbss2 .sbss2.* .gnu.linkonce.sb2.*)
 *(.scommon)
                0x0081f3f8                PROVIDE (__sbss_end, ABSOLUTE (.))
                0x0081f3f8                PROVIDE (___sbss_end, ABSOLUTE (.))
 *(.dynbss)
 *(.bss .bss.* .gnu.linkonce.b.*)
 .bss           0x0081f3f8        0x0 ../demo_bsp//obj/HAL/src/crt0.o
 .bss           0x0081f3f8        0x0 obj/default/vga.o
 .bss           0x0081f3f8        0x0 /OPT/altera/12.1/nios2eds/bin/gnu/H-i686-pc-linux-gnu/bin/../lib/gcc/nios2-elf/4.1.2/../../../../nios2-elf/lib/libc.a(lib_a-malloc.o)
 .bss           0x0081f3f8       0x28 /OPT/altera/12.1/nios2eds/bin/gnu/H-i686-pc-linux-gnu/bin/../lib/gcc/nios2-elf/4.1.2/../../../../nios2-elf/lib/libc.a(lib_a-mallocr.o)
                0x0081f3f8                __malloc_current_mallinfo
 .bss           0x0081f420        0x0 /OPT/altera/12.1/nios2eds/bin/gnu/H-i686-pc-linux-gnu/bin/../lib/gcc/nios2-elf/4.1.2/../../../../nios2-elf/lib/libc.a(lib_a-printf.o)
 .bss           0x0081f420        0x0 /OPT/altera/12.1/nios2eds/bin/gnu/H-i686-pc-linux-gnu/bin/../lib/gcc/nios2-elf/4.1.2/../../../../nios2-elf/lib/libc.a(lib_a-puts.o)
 .bss           0x0081f420        0x0 /OPT/altera/12.1/nios2eds/bin/gnu/H-i686-pc-linux-gnu/bin/../lib/gcc/nios2-elf/4.1.2/../../../../nios2-elf/lib/libc.a(lib_a-sbrkr.o)
 .bss           0x0081f420        0x0 /OPT/altera/12.1/nios2eds/bin/gnu/H-i686-pc-linux-gnu/bin/../lib/gcc/nios2-elf/4.1.2/../../../../nios2-elf/lib/libc.a(lib_a-strlen.o)
 .bss           0x0081f420        0x0 /OPT/altera/12.1/nios2eds/bin/gnu/H-i686-pc-linux-gnu/bin/../lib/gcc/nios2-elf/4.1.2/../../../../nios2-elf/lib/libc.a(lib_a-vfprintf.o)
 .bss           0x0081f420        0x0 /OPT/altera/12.1/nios2eds/bin/gnu/H-i686-pc-linux-gnu/bin/../lib/gcc/nios2-elf/4.1.2/../../../../nios2-elf/lib/libc.a(lib_a-wsetup.o)
 .bss           0x0081f420        0x0 /OPT/altera/12.1/nios2eds/bin/gnu/H-i686-pc-linux-gnu/bin/../lib/gcc/nios2-elf/4.1.2/../../../../nios2-elf/lib/libc.a(lib_a-dtoa.o)
 .bss           0x0081f420        0x0 /OPT/altera/12.1/nios2eds/bin/gnu/H-i686-pc-linux-gnu/bin/../lib/gcc/nios2-elf/4.1.2/../../../../nios2-elf/lib/libc.a(lib_a-fflush.o)
 .bss           0x0081f420        0x0 /OPT/altera/12.1/nios2eds/bin/gnu/H-i686-pc-linux-gnu/bin/../lib/gcc/nios2-elf/4.1.2/../../../../nios2-elf/lib/libc.a(lib_a-findfp.o)
 .bss           0x0081f420        0x0 /OPT/altera/12.1/nios2eds/bin/gnu/H-i686-pc-linux-gnu/bin/../lib/gcc/nios2-elf/4.1.2/../../../../nios2-elf/lib/libc.a(lib_a-freer.o)
 .bss           0x0081f420        0x0 /OPT/altera/12.1/nios2eds/bin/gnu/H-i686-pc-linux-gnu/bin/../lib/gcc/nios2-elf/4.1.2/../../../../nios2-elf/lib/libc.a(lib_a-fvwrite.o)
 .bss           0x0081f420        0x0 /OPT/altera/12.1/nios2eds/bin/gnu/H-i686-pc-linux-gnu/bin/../lib/gcc/nios2-elf/4.1.2/../../../../nios2-elf/lib/libc.a(lib_a-fwalk.o)
 .bss           0x0081f420        0x0 /OPT/altera/12.1/nios2eds/bin/gnu/H-i686-pc-linux-gnu/bin/../lib/gcc/nios2-elf/4.1.2/../../../../nios2-elf/lib/libc.a(lib_a-impure.o)
 .bss           0x0081f420        0x0 /OPT/altera/12.1/nios2eds/bin/gnu/H-i686-pc-linux-gnu/bin/../lib/gcc/nios2-elf/4.1.2/../../../../nios2-elf/lib/libc.a(lib_a-int_errno.o)
 .bss           0x0081f420        0x0 /OPT/altera/12.1/nios2eds/bin/gnu/H-i686-pc-linux-gnu/bin/../lib/gcc/nios2-elf/4.1.2/../../../../nios2-elf/lib/libc.a(lib_a-locale.o)
 .bss           0x0081f420        0x0 /OPT/altera/12.1/nios2eds/bin/gnu/H-i686-pc-linux-gnu/bin/../lib/gcc/nios2-elf/4.1.2/../../../../nios2-elf/lib/libc.a(lib_a-makebuf.o)
 .bss           0x0081f420        0x0 /OPT/altera/12.1/nios2eds/bin/gnu/H-i686-pc-linux-gnu/bin/../lib/gcc/nios2-elf/4.1.2/../../../../nios2-elf/lib/libc.a(lib_a-memchr.o)
 .bss           0x0081f420        0x0 /OPT/altera/12.1/nios2eds/bin/gnu/H-i686-pc-linux-gnu/bin/../lib/gcc/nios2-elf/4.1.2/../../../../nios2-elf/lib/libc.a(lib_a-memcpy.o)
 .bss           0x0081f420        0x0 /OPT/altera/12.1/nios2eds/bin/gnu/H-i686-pc-linux-gnu/bin/../lib/gcc/nios2-elf/4.1.2/../../../../nios2-elf/lib/libc.a(lib_a-memmove.o)
 .bss           0x0081f420        0x0 /OPT/altera/12.1/nios2eds/bin/gnu/H-i686-pc-linux-gnu/bin/../lib/gcc/nios2-elf/4.1.2/../../../../nios2-elf/lib/libc.a(lib_a-memset.o)
 .bss           0x0081f420        0x0 /OPT/altera/12.1/nios2eds/bin/gnu/H-i686-pc-linux-gnu/bin/../lib/gcc/nios2-elf/4.1.2/../../../../nios2-elf/lib/libc.a(lib_a-mprec.o)
 .bss           0x0081f420        0x0 /OPT/altera/12.1/nios2eds/bin/gnu/H-i686-pc-linux-gnu/bin/../lib/gcc/nios2-elf/4.1.2/../../../../nios2-elf/lib/libc.a(lib_a-reallocr.o)
 .bss           0x0081f420        0x0 /OPT/altera/12.1/nios2eds/bin/gnu/H-i686-pc-linux-gnu/bin/../lib/gcc/nios2-elf/4.1.2/../../../../nios2-elf/lib/libc.a(lib_a-s_isinfd.o)
 .bss           0x0081f420        0x0 /OPT/altera/12.1/nios2eds/bin/gnu/H-i686-pc-linux-gnu/bin/../lib/gcc/nios2-elf/4.1.2/../../../../nios2-elf/lib/libc.a(lib_a-s_isnand.o)
 .bss           0x0081f420        0x0 /OPT/altera/12.1/nios2eds/bin/gnu/H-i686-pc-linux-gnu/bin/../lib/gcc/nios2-elf/4.1.2/../../../../nios2-elf/lib/libc.a(lib_a-stdio.o)
 .bss           0x0081f420        0x0 /OPT/altera/12.1/nios2eds/bin/gnu/H-i686-pc-linux-gnu/bin/../lib/gcc/nios2-elf/4.1.2/../../../../nios2-elf/lib/libc.a(lib_a-strcmp.o)
 .bss           0x0081f420        0x0 /OPT/altera/12.1/nios2eds/bin/gnu/H-i686-pc-linux-gnu/bin/../lib/gcc/nios2-elf/4.1.2/../../../../nios2-elf/lib/libc.a(lib_a-writer.o)
 .bss           0x0081f420        0x0 /OPT/altera/12.1/nios2eds/bin/gnu/H-i686-pc-linux-gnu/bin/../lib/gcc/nios2-elf/4.1.2/../../../../nios2-elf/lib/libc.a(lib_a-callocr.o)
 .bss           0x0081f420        0x0 /OPT/altera/12.1/nios2eds/bin/gnu/H-i686-pc-linux-gnu/bin/../lib/gcc/nios2-elf/4.1.2/../../../../nios2-elf/lib/libc.a(lib_a-closer.o)
 .bss           0x0081f420        0x0 /OPT/altera/12.1/nios2eds/bin/gnu/H-i686-pc-linux-gnu/bin/../lib/gcc/nios2-elf/4.1.2/../../../../nios2-elf/lib/libc.a(lib_a-fclose.o)
 .bss           0x0081f420        0x0 /OPT/altera/12.1/nios2eds/bin/gnu/H-i686-pc-linux-gnu/bin/../lib/gcc/nios2-elf/4.1.2/../../../../nios2-elf/lib/libc.a(lib_a-fstatr.o)
 .bss           0x0081f420        0x0 /OPT/altera/12.1/nios2eds/bin/gnu/H-i686-pc-linux-gnu/bin/../lib/gcc/nios2-elf/4.1.2/../../../../nios2-elf/lib/libc.a(lib_a-isattyr.o)
 .bss           0x0081f420        0x0 /OPT/altera/12.1/nios2eds/bin/gnu/H-i686-pc-linux-gnu/bin/../lib/gcc/nios2-elf/4.1.2/../../../../nios2-elf/lib/libc.a(lib_a-lseekr.o)
 .bss           0x0081f420        0x0 /OPT/altera/12.1/nios2eds/bin/gnu/H-i686-pc-linux-gnu/bin/../lib/gcc/nios2-elf/4.1.2/../../../../nios2-elf/lib/libc.a(lib_a-readr.o)
 .bss           0x0081f420        0x0 /OPT/altera/12.1/nios2eds/bin/gnu/H-i686-pc-linux-gnu/bin/../lib/gcc/nios2-elf/4.1.2/libgcc.a(_udivdi3.o)
 .bss           0x0081f420        0x0 /OPT/altera/12.1/nios2eds/bin/gnu/H-i686-pc-linux-gnu/bin/../lib/gcc/nios2-elf/4.1.2/libgcc.a(_umoddi3.o)
 .bss           0x0081f420        0x0 /OPT/altera/12.1/nios2eds/bin/gnu/H-i686-pc-linux-gnu/bin/../lib/gcc/nios2-elf/4.1.2/libgcc.a(_addsub_df.o)
 .bss           0x0081f420        0x0 /OPT/altera/12.1/nios2eds/bin/gnu/H-i686-pc-linux-gnu/bin/../lib/gcc/nios2-elf/4.1.2/libgcc.a(_mul_df.o)
 .bss           0x0081f420        0x0 /OPT/altera/12.1/nios2eds/bin/gnu/H-i686-pc-linux-gnu/bin/../lib/gcc/nios2-elf/4.1.2/libgcc.a(_div_df.o)
 .bss           0x0081f420        0x0 /OPT/altera/12.1/nios2eds/bin/gnu/H-i686-pc-linux-gnu/bin/../lib/gcc/nios2-elf/4.1.2/libgcc.a(_eq_df.o)
 .bss           0x0081f420        0x0 /OPT/altera/12.1/nios2eds/bin/gnu/H-i686-pc-linux-gnu/bin/../lib/gcc/nios2-elf/4.1.2/libgcc.a(_ne_df.o)
 .bss           0x0081f420        0x0 /OPT/altera/12.1/nios2eds/bin/gnu/H-i686-pc-linux-gnu/bin/../lib/gcc/nios2-elf/4.1.2/libgcc.a(_gt_df.o)
 .bss           0x0081f420        0x0 /OPT/altera/12.1/nios2eds/bin/gnu/H-i686-pc-linux-gnu/bin/../lib/gcc/nios2-elf/4.1.2/libgcc.a(_ge_df.o)
 .bss           0x0081f420        0x0 /OPT/altera/12.1/nios2eds/bin/gnu/H-i686-pc-linux-gnu/bin/../lib/gcc/nios2-elf/4.1.2/libgcc.a(_lt_df.o)
 .bss           0x0081f420        0x0 /OPT/altera/12.1/nios2eds/bin/gnu/H-i686-pc-linux-gnu/bin/../lib/gcc/nios2-elf/4.1.2/libgcc.a(_si_to_df.o)
 .bss           0x0081f420        0x0 /OPT/altera/12.1/nios2eds/bin/gnu/H-i686-pc-linux-gnu/bin/../lib/gcc/nios2-elf/4.1.2/libgcc.a(_df_to_si.o)
 .bss           0x0081f420        0x0 /OPT/altera/12.1/nios2eds/bin/gnu/H-i686-pc-linux-gnu/bin/../lib/gcc/nios2-elf/4.1.2/libgcc.a(_thenan_df.o)
 .bss           0x0081f420        0x0 /OPT/altera/12.1/nios2eds/bin/gnu/H-i686-pc-linux-gnu/bin/../lib/gcc/nios2-elf/4.1.2/libgcc.a(_usi_to_df.o)
 .bss           0x0081f420        0x0 /OPT/altera/12.1/nios2eds/bin/gnu/H-i686-pc-linux-gnu/bin/../lib/gcc/nios2-elf/4.1.2/libgcc.a(lib2-divmod.o)
 .bss           0x0081f420        0x0 /OPT/altera/12.1/nios2eds/bin/gnu/H-i686-pc-linux-gnu/bin/../lib/gcc/nios2-elf/4.1.2/libgcc.a(_muldi3.o)
 .bss           0x0081f420        0x0 /OPT/altera/12.1/nios2eds/bin/gnu/H-i686-pc-linux-gnu/bin/../lib/gcc/nios2-elf/4.1.2/libgcc.a(_clz.o)
 .bss           0x0081f420        0x0 /OPT/altera/12.1/nios2eds/bin/gnu/H-i686-pc-linux-gnu/bin/../lib/gcc/nios2-elf/4.1.2/libgcc.a(_clzsi2.o)
 .bss           0x0081f420        0x0 /OPT/altera/12.1/nios2eds/bin/gnu/H-i686-pc-linux-gnu/bin/../lib/gcc/nios2-elf/4.1.2/libgcc.a(_pack_df.o)
 .bss           0x0081f420        0x0 /OPT/altera/12.1/nios2eds/bin/gnu/H-i686-pc-linux-gnu/bin/../lib/gcc/nios2-elf/4.1.2/libgcc.a(_unpack_df.o)
 .bss           0x0081f420        0x0 /OPT/altera/12.1/nios2eds/bin/gnu/H-i686-pc-linux-gnu/bin/../lib/gcc/nios2-elf/4.1.2/libgcc.a(_fpcmp_parts_df.o)
 .bss           0x0081f420        0x0 ../demo_bsp//libucosii_bsp.a(alt_close.o)
 .bss           0x0081f420        0x0 ../demo_bsp//libucosii_bsp.a(alt_dev.o)
 .bss           0x0081f420        0x0 ../demo_bsp//libucosii_bsp.a(alt_errno.o)
 .bss           0x0081f420        0x0 ../demo_bsp//libucosii_bsp.a(alt_fstat.o)
 .bss           0x0081f420        0x0 ../demo_bsp//libucosii_bsp.a(alt_isatty.o)
 .bss           0x0081f420        0x0 ../demo_bsp//libucosii_bsp.a(alt_load.o)
 .bss           0x0081f420        0x0 ../demo_bsp//libucosii_bsp.a(alt_lseek.o)
 .bss           0x0081f420        0x0 ../demo_bsp//libucosii_bsp.a(alt_main.o)
 .bss           0x0081f420        0x0 ../demo_bsp//libucosii_bsp.a(alt_read.o)
 .bss           0x0081f420        0x0 ../demo_bsp//libucosii_bsp.a(alt_release_fd.o)
 .bss           0x0081f420        0x0 ../demo_bsp//libucosii_bsp.a(alt_sbrk.o)
 .bss           0x0081f420        0x0 ../demo_bsp//libucosii_bsp.a(alt_write.o)
 .bss           0x0081f420        0x0 ../demo_bsp//libucosii_bsp.a(alt_env_lock.o)
 .bss           0x0081f420        0x0 ../demo_bsp//libucosii_bsp.a(alt_malloc_lock.o)
 .bss           0x0081f420        0x0 ../demo_bsp//libucosii_bsp.a(os_core.o)
 .bss           0x0081f420        0x0 ../demo_bsp//libucosii_bsp.a(os_dbg.o)
 .bss           0x0081f420        0x0 ../demo_bsp//libucosii_bsp.a(os_flag.o)
 .bss           0x0081f420        0x0 ../demo_bsp//libucosii_bsp.a(os_mem.o)
 .bss           0x0081f420        0x0 ../demo_bsp//libucosii_bsp.a(os_q.o)
 .bss           0x0081f420        0x0 ../demo_bsp//libucosii_bsp.a(os_sem.o)
 .bss           0x0081f420        0x0 ../demo_bsp//libucosii_bsp.a(os_task.o)
 .bss           0x0081f420        0x0 ../demo_bsp//libucosii_bsp.a(os_time.o)
 .bss           0x0081f420        0x0 ../demo_bsp//libucosii_bsp.a(alt_sys_init.o)
 .bss           0x0081f420        0x0 ../demo_bsp//libucosii_bsp.a(altera_avalon_jtag_uart_fd.o)
 .bss           0x0081f420        0x0 ../demo_bsp//libucosii_bsp.a(altera_avalon_jtag_uart_init.o)
 .bss           0x0081f420        0x0 ../demo_bsp//libucosii_bsp.a(altera_avalon_jtag_uart_ioctl.o)
 .bss           0x0081f420        0x0 ../demo_bsp//libucosii_bsp.a(altera_avalon_jtag_uart_read.o)
 .bss           0x0081f420        0x0 ../demo_bsp//libucosii_bsp.a(altera_avalon_jtag_uart_write.o)
 .bss           0x0081f420        0x0 ../demo_bsp//libucosii_bsp.a(altera_avalon_timer_sc.o)
 .bss           0x0081f420        0x0 ../demo_bsp//libucosii_bsp.a(altera_up_avalon_character_lcd.o)
 .bss           0x0081f420        0x0 ../demo_bsp//libucosii_bsp.a(altera_up_avalon_video_pixel_buffer_dma.o)
 .bss           0x0081f420        0x0 ../demo_bsp//libucosii_bsp.a(altera_up_sd_card_avalon_interface.o)
 .bss           0x0081f420        0x0 ../demo_bsp//libucosii_bsp.a(alt_alarm_start.o)
 .bss           0x0081f420        0x0 ../demo_bsp//libucosii_bsp.a(alt_dcache_flush_all.o)
 .bss           0x0081f420        0x0 ../demo_bsp//libucosii_bsp.a(alt_dev_llist_insert.o)
 .bss           0x0081f420        0x0 ../demo_bsp//libucosii_bsp.a(alt_do_ctors.o)
 .bss           0x0081f420        0x0 ../demo_bsp//libucosii_bsp.a(alt_do_dtors.o)
 .bss           0x0081f420        0x0 ../demo_bsp//libucosii_bsp.a(alt_find_dev.o)
 .bss           0x0081f420        0x0 ../demo_bsp//libucosii_bsp.a(alt_icache_flush_all.o)
 .bss           0x0081f420        0x0 ../demo_bsp//libucosii_bsp.a(alt_iic.o)
 .bss           0x0081f420        0x0 ../demo_bsp//libucosii_bsp.a(alt_iic_isr_register.o)
 .bss           0x0081f420        0x0 ../demo_bsp//libucosii_bsp.a(alt_io_redirect.o)
 .bss           0x0081f420        0x0 ../demo_bsp//libucosii_bsp.a(alt_irq_entry.o)
 .bss           0x0081f420        0x0 ../demo_bsp//libucosii_bsp.a(alt_irq_handler.o)
 .bss           0x0081f420        0x0 ../demo_bsp//libucosii_bsp.a(alt_irq_vars.o)
 .bss           0x0081f420        0x0 ../demo_bsp//libucosii_bsp.a(alt_open.o)
 .bss           0x0081f420        0x0 ../demo_bsp//libucosii_bsp.a(alt_tick.o)
 .bss           0x0081f420        0x0 ../demo_bsp//libucosii_bsp.a(altera_nios2_qsys_irq.o)
 .bss           0x0081f420        0x0 ../demo_bsp//libucosii_bsp.a(os_cpu_a.o)
 .bss           0x0081f420        0x0 ../demo_bsp//libucosii_bsp.a(os_cpu_c.o)
 .bss           0x0081f420        0x0 ../demo_bsp//libucosii_bsp.a(alt_exception_entry.o)
 .bss           0x0081f420        0x0 ../demo_bsp//libucosii_bsp.a(alt_find_file.o)
 .bss           0x0081f420        0x0 ../demo_bsp//libucosii_bsp.a(alt_get_fd.o)
 .bss           0x0081f420        0x0 ../demo_bsp//libucosii_bsp.a(alt_icache_flush.o)
 .bss           0x0081f420        0x0 /OPT/altera/12.1/nios2eds/bin/gnu/H-i686-pc-linux-gnu/bin/../lib/gcc/nios2-elf/4.1.2/../../../../nios2-elf/lib/libc.a(lib_a-atexit.o)
 .bss           0x0081f420        0x0 /OPT/altera/12.1/nios2eds/bin/gnu/H-i686-pc-linux-gnu/bin/../lib/gcc/nios2-elf/4.1.2/../../../../nios2-elf/lib/libc.a(lib_a-exit.o)
 .bss           0x0081f420        0x0 /OPT/altera/12.1/nios2eds/bin/gnu/H-i686-pc-linux-gnu/bin/../lib/gcc/nios2-elf/4.1.2/../../../../nios2-elf/lib/libc.a(lib_a-memcmp.o)
 .bss           0x0081f420        0x0 /OPT/altera/12.1/nios2eds/bin/gnu/H-i686-pc-linux-gnu/bin/../lib/gcc/nios2-elf/4.1.2/../../../../nios2-elf/lib/libc.a(lib_a-__atexit.o)
 .bss           0x0081f420        0x0 /OPT/altera/12.1/nios2eds/bin/gnu/H-i686-pc-linux-gnu/bin/../lib/gcc/nios2-elf/4.1.2/../../../../nios2-elf/lib/libc.a(lib_a-__call_atexit.o)
 .bss           0x0081f420        0x0 ../demo_bsp//libucosii_bsp.a(alt_exit.o)
 *(COMMON)
 COMMON         0x0081f420     0x4000 obj/default/vga.o
                0x0081f420                task1_stk
                0x00821420                task2_stk
 COMMON         0x00823420     0x3224 ../demo_bsp//libucosii_bsp.a(os_core.o)
                0x00823420                OSFlagTbl
                0x00823790                OSMemTbl
                0x008243c0                OSTaskStatStk
                0x00824bc0                OSQTbl
                0x00824da0                OSTaskIdleStk
                0x008255a0                OSEventTbl
                0x008260e0                OSTCBTbl
                0x008265f0                OSTCBPrioTbl
 COMMON         0x00826644      0x568 ../demo_bsp//libucosii_bsp.a(altera_up_sd_card_avalon_interface.o)
                0x00826644                search_data
                0x00826658                boot_sector_data
                0x008266ac                active_files
 COMMON         0x00826bac      0x100 ../demo_bsp//libucosii_bsp.a(alt_irq_handler.o)
                0x00826bac                alt_irq
 COMMON         0x00826cac      0x190 /OPT/altera/12.1/nios2eds/bin/gnu/H-i686-pc-linux-gnu/bin/../lib/gcc/nios2-elf/4.1.2/../../../../nios2-elf/lib/libc.a(lib_a-atexit.o)
                0x00826cac                _atexit0
                0x00826e3c                . = ALIGN (0x4)
                0x00826e3c                __bss_end = ABSOLUTE (.)

.sdram_0        0x00826e3c        0x0
                0x00826e3c                PROVIDE (_alt_partition_sdram_0_start, ABSOLUTE (.))
 *(.sdram_0. sdram_0.*)
                0x00826e3c                . = ALIGN (0x4)
                0x00826e3c                PROVIDE (_alt_partition_sdram_0_end, ABSOLUTE (.))
                0x00826e3c                _end = ABSOLUTE (.)
                0x00826e3c                end = ABSOLUTE (.)
                0x00826e3c                __alt_stack_base = ABSOLUTE (.)
                0x00826e3c                PROVIDE (_alt_partition_sdram_0_load_addr, LOADADDR (.sdram_0))

.onchip_memory2_0
                0x010841bc        0x0 load address 0x00826e3c
                0x010841bc                PROVIDE (_alt_partition_onchip_memory2_0_start, ABSOLUTE (.))
 *(.onchip_memory2_0. onchip_memory2_0.*)
                0x010841bc                . = ALIGN (0x4)
                0x010841bc                PROVIDE (_alt_partition_onchip_memory2_0_end, ABSOLUTE (.))
                0x00826e3c                PROVIDE (_alt_partition_onchip_memory2_0_load_addr, LOADADDR (.onchip_memory2_0))

.stab
 *(.stab)

.stabstr
 *(.stabstr)

.stab.excl
 *(.stab.excl)

.stab.exclstr
 *(.stab.exclstr)

.stab.index
 *(.stab.index)

.stab.indexstr
 *(.stab.indexstr)

.comment        0x00000000       0x26
 *(.comment)
 .comment       0x00000000       0x26 obj/default/vga.o
                                 0x27 (size before relaxing)
 .comment       0x00000000       0x27 /OPT/altera/12.1/nios2eds/bin/gnu/H-i686-pc-linux-gnu/bin/../lib/gcc/nios2-elf/4.1.2/../../../../nios2-elf/lib/libc.a(lib_a-malloc.o)
 .comment       0x00000000       0x27 /OPT/altera/12.1/nios2eds/bin/gnu/H-i686-pc-linux-gnu/bin/../lib/gcc/nios2-elf/4.1.2/../../../../nios2-elf/lib/libc.a(lib_a-mallocr.o)
 .comment       0x00000000       0x27 /OPT/altera/12.1/nios2eds/bin/gnu/H-i686-pc-linux-gnu/bin/../lib/gcc/nios2-elf/4.1.2/../../../../nios2-elf/lib/libc.a(lib_a-printf.o)
 .comment       0x00000000       0x27 /OPT/altera/12.1/nios2eds/bin/gnu/H-i686-pc-linux-gnu/bin/../lib/gcc/nios2-elf/4.1.2/../../../../nios2-elf/lib/libc.a(lib_a-puts.o)
 .comment       0x00000000       0x27 /OPT/altera/12.1/nios2eds/bin/gnu/H-i686-pc-linux-gnu/bin/../lib/gcc/nios2-elf/4.1.2/../../../../nios2-elf/lib/libc.a(lib_a-sbrkr.o)
 .comment       0x00000000       0x27 /OPT/altera/12.1/nios2eds/bin/gnu/H-i686-pc-linux-gnu/bin/../lib/gcc/nios2-elf/4.1.2/../../../../nios2-elf/lib/libc.a(lib_a-strlen.o)
 .comment       0x00000000       0x27 /OPT/altera/12.1/nios2eds/bin/gnu/H-i686-pc-linux-gnu/bin/../lib/gcc/nios2-elf/4.1.2/../../../../nios2-elf/lib/libc.a(lib_a-vfprintf.o)
 .comment       0x00000000       0x27 /OPT/altera/12.1/nios2eds/bin/gnu/H-i686-pc-linux-gnu/bin/../lib/gcc/nios2-elf/4.1.2/../../../../nios2-elf/lib/libc.a(lib_a-wsetup.o)
 .comment       0x00000000       0x27 /OPT/altera/12.1/nios2eds/bin/gnu/H-i686-pc-linux-gnu/bin/../lib/gcc/nios2-elf/4.1.2/../../../../nios2-elf/lib/libc.a(lib_a-dtoa.o)
 .comment       0x00000000       0x27 /OPT/altera/12.1/nios2eds/bin/gnu/H-i686-pc-linux-gnu/bin/../lib/gcc/nios2-elf/4.1.2/../../../../nios2-elf/lib/libc.a(lib_a-fflush.o)
 .comment       0x00000000       0x27 /OPT/altera/12.1/nios2eds/bin/gnu/H-i686-pc-linux-gnu/bin/../lib/gcc/nios2-elf/4.1.2/../../../../nios2-elf/lib/libc.a(lib_a-findfp.o)
 .comment       0x00000000       0x27 /OPT/altera/12.1/nios2eds/bin/gnu/H-i686-pc-linux-gnu/bin/../lib/gcc/nios2-elf/4.1.2/../../../../nios2-elf/lib/libc.a(lib_a-freer.o)
 .comment       0x00000000       0x27 /OPT/altera/12.1/nios2eds/bin/gnu/H-i686-pc-linux-gnu/bin/../lib/gcc/nios2-elf/4.1.2/../../../../nios2-elf/lib/libc.a(lib_a-fvwrite.o)
 .comment       0x00000000       0x27 /OPT/altera/12.1/nios2eds/bin/gnu/H-i686-pc-linux-gnu/bin/../lib/gcc/nios2-elf/4.1.2/../../../../nios2-elf/lib/libc.a(lib_a-fwalk.o)
 .comment       0x00000000       0x27 /OPT/altera/12.1/nios2eds/bin/gnu/H-i686-pc-linux-gnu/bin/../lib/gcc/nios2-elf/4.1.2/../../../../nios2-elf/lib/libc.a(lib_a-impure.o)
 .comment       0x00000000       0x27 /OPT/altera/12.1/nios2eds/bin/gnu/H-i686-pc-linux-gnu/bin/../lib/gcc/nios2-elf/4.1.2/../../../../nios2-elf/lib/libc.a(lib_a-int_errno.o)
 .comment       0x00000000       0x27 /OPT/altera/12.1/nios2eds/bin/gnu/H-i686-pc-linux-gnu/bin/../lib/gcc/nios2-elf/4.1.2/../../../../nios2-elf/lib/libc.a(lib_a-locale.o)
 .comment       0x00000000       0x27 /OPT/altera/12.1/nios2eds/bin/gnu/H-i686-pc-linux-gnu/bin/../lib/gcc/nios2-elf/4.1.2/../../../../nios2-elf/lib/libc.a(lib_a-makebuf.o)
 .comment       0x00000000       0x27 /OPT/altera/12.1/nios2eds/bin/gnu/H-i686-pc-linux-gnu/bin/../lib/gcc/nios2-elf/4.1.2/../../../../nios2-elf/lib/libc.a(lib_a-memchr.o)
 .comment       0x00000000       0x27 /OPT/altera/12.1/nios2eds/bin/gnu/H-i686-pc-linux-gnu/bin/../lib/gcc/nios2-elf/4.1.2/../../../../nios2-elf/lib/libc.a(lib_a-memcpy.o)
 .comment       0x00000000       0x27 /OPT/altera/12.1/nios2eds/bin/gnu/H-i686-pc-linux-gnu/bin/../lib/gcc/nios2-elf/4.1.2/../../../../nios2-elf/lib/libc.a(lib_a-memmove.o)
 .comment       0x00000000       0x27 /OPT/altera/12.1/nios2eds/bin/gnu/H-i686-pc-linux-gnu/bin/../lib/gcc/nios2-elf/4.1.2/../../../../nios2-elf/lib/libc.a(lib_a-memset.o)
 .comment       0x00000000       0x27 /OPT/altera/12.1/nios2eds/bin/gnu/H-i686-pc-linux-gnu/bin/../lib/gcc/nios2-elf/4.1.2/../../../../nios2-elf/lib/libc.a(lib_a-mprec.o)
 .comment       0x00000000       0x27 /OPT/altera/12.1/nios2eds/bin/gnu/H-i686-pc-linux-gnu/bin/../lib/gcc/nios2-elf/4.1.2/../../../../nios2-elf/lib/libc.a(lib_a-reallocr.o)
 .comment       0x00000000       0x27 /OPT/altera/12.1/nios2eds/bin/gnu/H-i686-pc-linux-gnu/bin/../lib/gcc/nios2-elf/4.1.2/../../../../nios2-elf/lib/libc.a(lib_a-s_isinfd.o)
 .comment       0x00000000       0x27 /OPT/altera/12.1/nios2eds/bin/gnu/H-i686-pc-linux-gnu/bin/../lib/gcc/nios2-elf/4.1.2/../../../../nios2-elf/lib/libc.a(lib_a-s_isnand.o)
 .comment       0x00000000       0x27 /OPT/altera/12.1/nios2eds/bin/gnu/H-i686-pc-linux-gnu/bin/../lib/gcc/nios2-elf/4.1.2/../../../../nios2-elf/lib/libc.a(lib_a-stdio.o)
 .comment       0x00000000       0x27 /OPT/altera/12.1/nios2eds/bin/gnu/H-i686-pc-linux-gnu/bin/../lib/gcc/nios2-elf/4.1.2/../../../../nios2-elf/lib/libc.a(lib_a-strcmp.o)
 .comment       0x00000000       0x27 /OPT/altera/12.1/nios2eds/bin/gnu/H-i686-pc-linux-gnu/bin/../lib/gcc/nios2-elf/4.1.2/../../../../nios2-elf/lib/libc.a(lib_a-writer.o)
 .comment       0x00000000       0x27 /OPT/altera/12.1/nios2eds/bin/gnu/H-i686-pc-linux-gnu/bin/../lib/gcc/nios2-elf/4.1.2/../../../../nios2-elf/lib/libc.a(lib_a-callocr.o)
 .comment       0x00000000       0x27 /OPT/altera/12.1/nios2eds/bin/gnu/H-i686-pc-linux-gnu/bin/../lib/gcc/nios2-elf/4.1.2/../../../../nios2-elf/lib/libc.a(lib_a-closer.o)
 .comment       0x00000000       0x27 /OPT/altera/12.1/nios2eds/bin/gnu/H-i686-pc-linux-gnu/bin/../lib/gcc/nios2-elf/4.1.2/../../../../nios2-elf/lib/libc.a(lib_a-fclose.o)
 .comment       0x00000000       0x27 /OPT/altera/12.1/nios2eds/bin/gnu/H-i686-pc-linux-gnu/bin/../lib/gcc/nios2-elf/4.1.2/../../../../nios2-elf/lib/libc.a(lib_a-fstatr.o)
 .comment       0x00000000       0x27 /OPT/altera/12.1/nios2eds/bin/gnu/H-i686-pc-linux-gnu/bin/../lib/gcc/nios2-elf/4.1.2/../../../../nios2-elf/lib/libc.a(lib_a-isattyr.o)
 .comment       0x00000000       0x27 /OPT/altera/12.1/nios2eds/bin/gnu/H-i686-pc-linux-gnu/bin/../lib/gcc/nios2-elf/4.1.2/../../../../nios2-elf/lib/libc.a(lib_a-lseekr.o)
 .comment       0x00000000       0x27 /OPT/altera/12.1/nios2eds/bin/gnu/H-i686-pc-linux-gnu/bin/../lib/gcc/nios2-elf/4.1.2/../../../../nios2-elf/lib/libc.a(lib_a-readr.o)
 .comment       0x00000000       0x27 /OPT/altera/12.1/nios2eds/bin/gnu/H-i686-pc-linux-gnu/bin/../lib/gcc/nios2-elf/4.1.2/libgcc.a(_udivdi3.o)
 .comment       0x00000000       0x27 /OPT/altera/12.1/nios2eds/bin/gnu/H-i686-pc-linux-gnu/bin/../lib/gcc/nios2-elf/4.1.2/libgcc.a(_umoddi3.o)
 .comment       0x00000000       0x27 /OPT/altera/12.1/nios2eds/bin/gnu/H-i686-pc-linux-gnu/bin/../lib/gcc/nios2-elf/4.1.2/libgcc.a(_addsub_df.o)
 .comment       0x00000000       0x27 /OPT/altera/12.1/nios2eds/bin/gnu/H-i686-pc-linux-gnu/bin/../lib/gcc/nios2-elf/4.1.2/libgcc.a(_mul_df.o)
 .comment       0x00000000       0x27 /OPT/altera/12.1/nios2eds/bin/gnu/H-i686-pc-linux-gnu/bin/../lib/gcc/nios2-elf/4.1.2/libgcc.a(_div_df.o)
 .comment       0x00000000       0x27 /OPT/altera/12.1/nios2eds/bin/gnu/H-i686-pc-linux-gnu/bin/../lib/gcc/nios2-elf/4.1.2/libgcc.a(_eq_df.o)
 .comment       0x00000000       0x27 /OPT/altera/12.1/nios2eds/bin/gnu/H-i686-pc-linux-gnu/bin/../lib/gcc/nios2-elf/4.1.2/libgcc.a(_ne_df.o)
 .comment       0x00000000       0x27 /OPT/altera/12.1/nios2eds/bin/gnu/H-i686-pc-linux-gnu/bin/../lib/gcc/nios2-elf/4.1.2/libgcc.a(_gt_df.o)
 .comment       0x00000000       0x27 /OPT/altera/12.1/nios2eds/bin/gnu/H-i686-pc-linux-gnu/bin/../lib/gcc/nios2-elf/4.1.2/libgcc.a(_ge_df.o)
 .comment       0x00000000       0x27 /OPT/altera/12.1/nios2eds/bin/gnu/H-i686-pc-linux-gnu/bin/../lib/gcc/nios2-elf/4.1.2/libgcc.a(_lt_df.o)
 .comment       0x00000000       0x27 /OPT/altera/12.1/nios2eds/bin/gnu/H-i686-pc-linux-gnu/bin/../lib/gcc/nios2-elf/4.1.2/libgcc.a(_si_to_df.o)
 .comment       0x00000000       0x27 /OPT/altera/12.1/nios2eds/bin/gnu/H-i686-pc-linux-gnu/bin/../lib/gcc/nios2-elf/4.1.2/libgcc.a(_df_to_si.o)
 .comment       0x00000000       0x27 /OPT/altera/12.1/nios2eds/bin/gnu/H-i686-pc-linux-gnu/bin/../lib/gcc/nios2-elf/4.1.2/libgcc.a(_thenan_df.o)
 .comment       0x00000000       0x27 /OPT/altera/12.1/nios2eds/bin/gnu/H-i686-pc-linux-gnu/bin/../lib/gcc/nios2-elf/4.1.2/libgcc.a(_usi_to_df.o)
 .comment       0x00000000       0x27 /OPT/altera/12.1/nios2eds/bin/gnu/H-i686-pc-linux-gnu/bin/../lib/gcc/nios2-elf/4.1.2/libgcc.a(lib2-divmod.o)